=== Phase2 probes skipped (--skip-probe) ===

$ node index.js --config thesisExperiment/configs/phase2/T2d_H_polarized_conspiracy_believer.json

$ node index.js --config thesisExperiment/configs/phase2/T2d_H_polarized_conspiracy_haarp_weather.json

$ node index.js --config thesisExperiment/configs/phase2/T2d_H_polarized_conspiracy_depopulation.json

$ node index.js --config thesisExperiment/configs/phase2/T2d_H_polarized_conspiracy_climate_piggyback.json
Loaded run config from: thesisExperiment/configs/phase2/T2d_H_polarized_conspiracy_haarp_weather.json

[Simulation] Experiment: T2d_H_polarized_conspiracy_haarp_weather_2026-09-19_04-17-42
[Simulation] Dir: /workspace/thesisExperiment/runs_phase2/T2d_H_polarized_conspiracy_haarp_weather_2026-09-19_04-17-42


[Simulation] === Propagating: scopex_2017 ===
[Simulation]   Tick 1/8
[Simulation]     node_0 (HAARP / weather-warfare believer (Debnath chemtrails neighbour terms)): 1 message(s)
[Simulation]   Tick 2/8
[Simulation]     node_1 (HAARP / weather-warfare believer (Debnath chemtrails neighbour terms)): 1 message(s)
[Simulation]     node_2 (HAARP / weather-warfare believer (Debnath chemtrails neighbour terms)): 1 message(s)
Loaded run config from: thesisExperiment/configs/phase2/T2d_H_polarized_conspiracy_believer.json

[Simulation] Experiment: T2d_H_polarized_conspiracy_believer_2026-09-19_04-17-42
[Simulation] Dir: /workspace/thesisExperiment/runs_phase2/T2d_H_polarized_conspiracy_believer_2026-09-19_04-17-42

Loaded run config from: thesisExperiment/configs/phase2/T2d_H_polarized_conspiracy_depopulation.json

[Simulation] Experiment: T2d_H_polarized_conspiracy_depopulation_2026-09-19_04-17-42
[Simulation] Dir: /workspace/thesisExperiment/runs_phase2/T2d_H_polarized_conspiracy_depopulation_2026-09-19_04-17-42

Loaded run config from: thesisExperiment/configs/phase2/T2d_H_polarized_conspiracy_climate_piggyback.json

[Simulation] === Propagating: scopex_2017 ===
[Simulation]   Tick 1/8

[Simulation] === Propagating: scopex_2017 ===
[Simulation]     node_0 (Geoengineering Conspiracy Believer (Debnath chemtrails cluster)): 1 message(s)
[Simulation]   Tick 1/8
[Simulation]     node_0 (Depopulation / Gates-target believer (Debnath 2018–2021 broadening)): 1 message(s)
[Simulation]   Tick 2/8

[Simulation] Experiment: T2d_H_polarized_conspiracy_climate_piggyback_2026-09-19_04-17-42
[Simulation] Dir: /workspace/thesisExperiment/runs_phase2/T2d_H_polarized_conspiracy_climate_piggyback_2026-09-19_04-17-42

[Simulation]     node_1 (Depopulation / Gates-target believer (Debnath 2018–2021 broadening)): 1 message(s)
[Simulation]     node_2 (Depopulation / Gates-target believer (Debnath 2018–2021 broadening)): 1 message(s)

[Simulation] === Propagating: scopex_2017 ===
[Simulation]   Tick 1/8
[Simulation]     node_0 (Climate-action piggyback conspiracist (Debnath hijack stream)): 1 message(s)
[Simulation]   Tick 2/8
[Simulation]     node_1 (Geoengineering Conspiracy Believer (Debnath chemtrails cluster)): 1 message(s)
[Simulation]   Tick 3/8
[Simulation]     node_0 (Depopulation / Gates-target believer (Debnath 2018–2021 broadening)): 2 message(s)
[Simulation]   Tick 3/8
[Simulation]     node_0 (HAARP / weather-warfare believer (Debnath chemtrails neighbour terms)): 2 message(s)
[Simulation]   Tick 2/8
[Simulation]     node_1 (Climate-action piggyback conspiracist (Debnath hijack stream)): 1 message(s)
[Simulation]     node_1 (HAARP / weather-warfare believer (Debnath chemtrails neighbour terms)): 1 message(s)
[Simulation]     node_1 (Depopulation / Gates-target believer (Debnath 2018–2021 broadening)): 1 message(s)
[Simulation]     node_2 (Geoengineering Conspiracy Believer (Debnath chemtrails cluster)): 1 message(s)
[Simulation]   Tick 3/8
[Simulation]     node_0 (Geoengineering Conspiracy Believer (Debnath chemtrails cluster)): 2 message(s)
[Simulation]     node_2 (Climate-action piggyback conspiracist (Debnath hijack stream)): 1 message(s)
[Simulation]     node_3 (HAARP / weather-warfare believer (Debnath chemtrails neighbour terms)): 2 message(s)
[Simulation]     node_3 (Depopulation / Gates-target believer (Debnath 2018–2021 broadening)): 2 message(s)
[Simulation]   Tick 3/8
[Simulation]     node_0 (Climate-action piggyback conspiracist (Debnath hijack stream)): 2 message(s)
[Simulation]     node_1 (Geoengineering Conspiracy Believer (Debnath chemtrails cluster)): 1 message(s)
[Simulation]     node_5 (Depopulation / Gates-target believer (Debnath 2018–2021 broadening)): 1 message(s)
[Simulation]   Tick 4/8
[Simulation]     node_0 (Depopulation / Gates-target believer (Debnath 2018–2021 broadening)): 2 message(s)
[Simulation]     node_1 (Depopulation / Gates-target believer (Debnath 2018–2021 broadening)): 2 message(s)
[Simulation]     node_3 (Geoengineering Conspiracy Believer (Debnath chemtrails cluster)): 2 message(s)
[Simulation]     node_1 (Climate-action piggyback conspiracist (Debnath hijack stream)): 1 message(s)
[Simulation]     node_3 (Climate-action piggyback conspiracist (Debnath hijack stream)): 2 message(s)
[Simulation]     node_5 (Climate-action piggyback conspiracist (Debnath hijack stream)): 1 message(s)
[Simulation]   Tick 4/8
[Simulation]     node_0 (Climate-action piggyback conspiracist (Debnath hijack stream)): 2 message(s)
[Simulation]     node_5 (HAARP / weather-warfare believer (Debnath chemtrails neighbour terms)): 1 message(s)
[Simulation]   Tick 4/8
[Simulation]     node_0 (HAARP / weather-warfare believer (Debnath chemtrails neighbour terms)): 3 message(s)
[Simulation]     node_2 (Depopulation / Gates-target believer (Debnath 2018–2021 broadening)): 2 message(s)
[Simulation]     node_3 (Depopulation / Gates-target believer (Debnath 2018–2021 broadening)): 1 message(s)
[Simulation]     node_5 (Geoengineering Conspiracy Believer (Debnath chemtrails cluster)): 1 message(s)
[Simulation]     node_1 (Climate-action piggyback conspiracist (Debnath hijack stream)): 4 message(s)
[Simulation]   Tick 4/8
[Simulation]     node_0 (Geoengineering Conspiracy Believer (Debnath chemtrails cluster)): 3 message(s)
[Simulation]     node_1 (Geoengineering Conspiracy Believer (Debnath chemtrails cluster)): 4 message(s)
[Simulation]     node_1 (HAARP / weather-warfare believer (Debnath chemtrails neighbour terms)): 4 message(s)
[Simulation]   Tick 5/8
[Simulation]     node_0 (Depopulation / Gates-target believer (Debnath 2018–2021 broadening)): 4 message(s)
[Simulation]     node_2 (Climate-action piggyback conspiracist (Debnath hijack stream)): 3 message(s)
[Simulation]     node_3 (Climate-action piggyback conspiracist (Debnath hijack stream)): 1 message(s)
[Simulation]     node_2 (Geoengineering Conspiracy Believer (Debnath chemtrails cluster)): 4 message(s)
[Simulation]     node_4 (Climate-action piggyback conspiracist (Debnath hijack stream)): 1 message(s)
[Simulation]     node_6 (Climate-action piggyback conspiracist (Debnath hijack stream)): 1 message(s)
[Simulation]     node_7 (Climate-action piggyback conspiracist (Debnath hijack stream)): 1 message(s)
[Simulation]   Tick 5/8
[Simulation]     node_0 (Climate-action piggyback conspiracist (Debnath hijack stream)): 4 message(s)
[Simulation]     node_1 (Climate-action piggyback conspiracist (Debnath hijack stream)): 3 message(s)
[Simulation]     node_3 (Geoengineering Conspiracy Believer (Debnath chemtrails cluster)): 1 message(s)
[Simulation]     node_1 (Depopulation / Gates-target believer (Debnath 2018–2021 broadening)): 4 message(s)
[Simulation]     node_2 (HAARP / weather-warfare believer (Debnath chemtrails neighbour terms)): 4 message(s)
[Simulation]     node_2 (Climate-action piggyback conspiracist (Debnath hijack stream)): 2 message(s)
[Simulation]     node_4 (Geoengineering Conspiracy Believer (Debnath chemtrails cluster)): 1 message(s)
[Simulation]     node_6 (Geoengineering Conspiracy Believer (Debnath chemtrails cluster)): 1 message(s)
[Simulation]     node_7 (Geoengineering Conspiracy Believer (Debnath chemtrails cluster)): 1 message(s)
[Simulation]     node_3 (HAARP / weather-warfare believer (Debnath chemtrails neighbour terms)): 1 message(s)
[Simulation]     node_4 (HAARP / weather-warfare believer (Debnath chemtrails neighbour terms)): 1 message(s)
[Simulation]     node_6 (HAARP / weather-warfare believer (Debnath chemtrails neighbour terms)): 1 message(s)
[Simulation]     node_7 (HAARP / weather-warfare believer (Debnath chemtrails neighbour terms)): 1 message(s)
[Simulation]   Tick 5/8
[Simulation]     node_0 (HAARP / weather-warfare believer (Debnath chemtrails neighbour terms)): 4 message(s)
[Simulation]   Tick 5/8
[Simulation]     node_0 (Geoengineering Conspiracy Believer (Debnath chemtrails cluster)): 4 message(s)
[Simulation]     node_2 (Depopulation / Gates-target believer (Debnath 2018–2021 broadening)): 2 message(s)
[Simulation]     node_3 (Climate-action piggyback conspiracist (Debnath hijack stream)): 3 message(s)
[Simulation]     node_3 (Depopulation / Gates-target believer (Debnath 2018–2021 broadening)): 3 message(s)
[Simulation]     node_1 (HAARP / weather-warfare believer (Debnath chemtrails neighbour terms)): 4 message(s)
[Simulation]     node_2 (HAARP / weather-warfare believer (Debnath chemtrails neighbour terms)): 4 message(s)
[Simulation]     node_1 (Geoengineering Conspiracy Believer (Debnath chemtrails cluster)): 4 message(s)
[Simulation]     node_4 (Climate-action piggyback conspiracist (Debnath hijack stream)): 2 message(s)
[Simulation]     node_3 (HAARP / weather-warfare believer (Debnath chemtrails neighbour terms)): 4 message(s)
[Simulation]     node_4 (HAARP / weather-warfare believer (Debnath chemtrails neighbour terms)): 2 message(s)
[Simulation]     node_5 (HAARP / weather-warfare believer (Debnath chemtrails neighbour terms)): 3 message(s)
[Simulation]     node_5 (Depopulation / Gates-target believer (Debnath 2018–2021 broadening)): 2 message(s)
[Simulation]   Tick 6/8
[Simulation]     node_0 (Depopulation / Gates-target believer (Debnath 2018–2021 broadening)): 4 message(s)
[Simulation]     node_5 (Climate-action piggyback conspiracist (Debnath hijack stream)): 2 message(s)
[Simulation]     node_6 (Climate-action piggyback conspiracist (Debnath hijack stream)): 1 message(s)
[Simulation]     node_7 (Climate-action piggyback conspiracist (Debnath hijack stream)): 1 message(s)
[Simulation]   Tick 6/8
[Simulation]     node_0 (Climate-action piggyback conspiracist (Debnath hijack stream)): 4 message(s)
[Simulation]     node_2 (Geoengineering Conspiracy Believer (Debnath chemtrails cluster)): 3 message(s)
[Simulation]     node_6 (HAARP / weather-warfare believer (Debnath chemtrails neighbour terms)): 1 message(s)
[Simulation]     node_7 (HAARP / weather-warfare believer (Debnath chemtrails neighbour terms)): 1 message(s)
[Simulation]     node_1 (Climate-action piggyback conspiracist (Debnath hijack stream)): 4 message(s)
[Simulation]     node_3 (Geoengineering Conspiracy Believer (Debnath chemtrails cluster)): 4 message(s)
[Simulation]   Tick 6/8
[Simulation]     node_0 (HAARP / weather-warfare believer (Debnath chemtrails neighbour terms)): 4 message(s)
[Simulation]     node_1 (HAARP / weather-warfare believer (Debnath chemtrails neighbour terms)): 4 message(s)
[Simulation]     node_1 (Depopulation / Gates-target believer (Debnath 2018–2021 broadening)): 4 message(s)
[Simulation]     node_2 (Climate-action piggyback conspiracist (Debnath hijack stream)): 4 message(s)
[Simulation]     node_4 (Geoengineering Conspiracy Believer (Debnath chemtrails cluster)): 2 message(s)
[Simulation]     node_5 (Geoengineering Conspiracy Believer (Debnath chemtrails cluster)): 4 message(s)
[Simulation]     node_2 (HAARP / weather-warfare believer (Debnath chemtrails neighbour terms)): 4 message(s)
[Simulation]     node_2 (Depopulation / Gates-target believer (Debnath 2018–2021 broadening)): 4 message(s)
[Simulation]     node_3 (Climate-action piggyback conspiracist (Debnath hijack stream)): 4 message(s)
[Simulation]     node_6 (Geoengineering Conspiracy Believer (Debnath chemtrails cluster)): 1 message(s)
[Simulation]     node_7 (Geoengineering Conspiracy Believer (Debnath chemtrails cluster)): 2 message(s)
[Simulation]   Tick 6/8
[Simulation]     node_0 (Geoengineering Conspiracy Believer (Debnath chemtrails cluster)): 4 message(s)
[Simulation]     node_3 (Depopulation / Gates-target believer (Debnath 2018–2021 broadening)): 4 message(s)
[Simulation]     node_4 (Climate-action piggyback conspiracist (Debnath hijack stream)): 4 message(s)
[Simulation]     node_1 (Geoengineering Conspiracy Believer (Debnath chemtrails cluster)): 4 message(s)
[Simulation]     node_3 (HAARP / weather-warfare believer (Debnath chemtrails neighbour terms)): 4 message(s)
[Simulation]     node_5 (Climate-action piggyback conspiracist (Debnath hijack stream)): 4 message(s)
[Simulation]     node_4 (Depopulation / Gates-target believer (Debnath 2018–2021 broadening)): 2 message(s)
[Simulation]     node_6 (Climate-action piggyback conspiracist (Debnath hijack stream)): 3 message(s)
[Simulation]     node_5 (Depopulation / Gates-target believer (Debnath 2018–2021 broadening)): 1 message(s)
[Simulation]     node_6 (Depopulation / Gates-target believer (Debnath 2018–2021 broadening)): 2 message(s)
[Simulation]     node_7 (Climate-action piggyback conspiracist (Debnath hijack stream)): 4 message(s)
[Simulation]     node_4 (HAARP / weather-warfare believer (Debnath chemtrails neighbour terms)): 4 message(s)
[Simulation]     node_7 (Depopulation / Gates-target believer (Debnath 2018–2021 broadening)): 2 message(s)
[Simulation]     node_2 (Geoengineering Conspiracy Believer (Debnath chemtrails cluster)): 4 message(s)
[Simulation]     node_5 (HAARP / weather-warfare believer (Debnath chemtrails neighbour terms)): 4 message(s)
[Simulation]   Tick 7/8
[Simulation]     node_0 (Climate-action piggyback conspiracist (Debnath hijack stream)): 4 message(s)
[Simulation]     node_3 (Geoengineering Conspiracy Believer (Debnath chemtrails cluster)): 4 message(s)
[Simulation]   Tick 7/8
[Simulation]     node_0 (Depopulation / Gates-target believer (Debnath 2018–2021 broadening)): 4 message(s)
[Simulation]     node_6 (HAARP / weather-warfare believer (Debnath chemtrails neighbour terms)): 4 message(s)
[Simulation]     node_1 (Climate-action piggyback conspiracist (Debnath hijack stream)): 4 message(s)
[Simulation]     node_4 (Geoengineering Conspiracy Believer (Debnath chemtrails cluster)): 4 message(s)
[Simulation]     node_1 (Depopulation / Gates-target believer (Debnath 2018–2021 broadening)): 4 message(s)
[Simulation]     node_5 (Geoengineering Conspiracy Believer (Debnath chemtrails cluster)): 4 message(s)
[Simulation]     node_7 (HAARP / weather-warfare believer (Debnath chemtrails neighbour terms)): 4 message(s)
[Simulation]     node_2 (Climate-action piggyback conspiracist (Debnath hijack stream)): 4 message(s)
[Simulation]     node_2 (Depopulation / Gates-target believer (Debnath 2018–2021 broadening)): 4 message(s)
[Simulation]   Tick 7/8
[Simulation]     node_0 (HAARP / weather-warfare believer (Debnath chemtrails neighbour terms)): 4 message(s)
[Simulation]     node_1 (HAARP / weather-warfare believer (Debnath chemtrails neighbour terms)): 4 message(s)
[Simulation]     node_6 (Geoengineering Conspiracy Believer (Debnath chemtrails cluster)): 4 message(s)
[Simulation]     node_3 (Climate-action piggyback conspiracist (Debnath hijack stream)): 4 message(s)
[Simulation]     node_4 (Climate-action piggyback conspiracist (Debnath hijack stream)): 4 message(s)
[Simulation]     node_3 (Depopulation / Gates-target believer (Debnath 2018–2021 broadening)): 4 message(s)
[Simulation]     node_2 (HAARP / weather-warfare believer (Debnath chemtrails neighbour terms)): 4 message(s)
[Simulation]     node_7 (Geoengineering Conspiracy Believer (Debnath chemtrails cluster)): 4 message(s)
[Simulation]     node_4 (Depopulation / Gates-target believer (Debnath 2018–2021 broadening)): 4 message(s)
[Simulation]     node_3 (HAARP / weather-warfare believer (Debnath chemtrails neighbour terms)): 4 message(s)
[Simulation]     node_5 (Depopulation / Gates-target believer (Debnath 2018–2021 broadening)): 4 message(s)
[Simulation]     node_5 (Climate-action piggyback conspiracist (Debnath hijack stream)): 4 message(s)
[Simulation]   Tick 7/8
[Simulation]     node_0 (Geoengineering Conspiracy Believer (Debnath chemtrails cluster)): 4 message(s)
[Simulation]     node_4 (HAARP / weather-warfare believer (Debnath chemtrails neighbour terms)): 4 message(s)
[Simulation]     node_6 (Climate-action piggyback conspiracist (Debnath hijack stream)): 4 message(s)
[Simulation]     node_7 (Climate-action piggyback conspiracist (Debnath hijack stream)): 4 message(s)
[Simulation]     node_1 (Geoengineering Conspiracy Believer (Debnath chemtrails cluster)): 4 message(s)
[Simulation]     node_6 (Depopulation / Gates-target believer (Debnath 2018–2021 broadening)): 3 message(s)
[Simulation]     node_7 (Depopulation / Gates-target believer (Debnath 2018–2021 broadening)): 4 message(s)
[Simulation]   Tick 8/8
[Simulation]     node_0 (Climate-action piggyback conspiracist (Debnath hijack stream)): 4 message(s)
[Simulation]   Tick 8/8
[Simulation]     node_0 (Depopulation / Gates-target believer (Debnath 2018–2021 broadening)): 4 message(s)
[Simulation]     node_1 (Depopulation / Gates-target believer (Debnath 2018–2021 broadening)): 4 message(s)
[Simulation]     node_5 (HAARP / weather-warfare believer (Debnath chemtrails neighbour terms)): 4 message(s)
[Simulation]     node_1 (Climate-action piggyback conspiracist (Debnath hijack stream)): 4 message(s)
[Simulation]     node_2 (Geoengineering Conspiracy Believer (Debnath chemtrails cluster)): 4 message(s)
[Simulation]     node_6 (HAARP / weather-warfare believer (Debnath chemtrails neighbour terms)): 4 message(s)
[Simulation]     node_2 (Climate-action piggyback conspiracist (Debnath hijack stream)): 4 message(s)
[Simulation]     node_7 (HAARP / weather-warfare believer (Debnath chemtrails neighbour terms)): 4 message(s)
[Simulation]     node_2 (Depopulation / Gates-target believer (Debnath 2018–2021 broadening)): 4 message(s)
[Simulation]     node_3 (Geoengineering Conspiracy Believer (Debnath chemtrails cluster)): 4 message(s)
[Simulation]   Tick 8/8
[Simulation]     node_0 (HAARP / weather-warfare believer (Debnath chemtrails neighbour terms)): 4 message(s)
[Simulation]     node_3 (Depopulation / Gates-target believer (Debnath 2018–2021 broadening)): 4 message(s)
[Simulation]     node_4 (Depopulation / Gates-target believer (Debnath 2018–2021 broadening)): 4 message(s)
[Simulation]     node_5 (Depopulation / Gates-target believer (Debnath 2018–2021 broadening)): 4 message(s)
[Simulation]     node_3 (Climate-action piggyback conspiracist (Debnath hijack stream)): 4 message(s)
[Simulation]     node_4 (Climate-action piggyback conspiracist (Debnath hijack stream)): 4 message(s)
[Simulation]     node_1 (HAARP / weather-warfare believer (Debnath chemtrails neighbour terms)): 4 message(s)
[Simulation]     node_6 (Depopulation / Gates-target believer (Debnath 2018–2021 broadening)): 4 message(s)
[Simulation]     node_4 (Geoengineering Conspiracy Believer (Debnath chemtrails cluster)): 4 message(s)
[Simulation]     node_5 (Geoengineering Conspiracy Believer (Debnath chemtrails cluster)): 4 message(s)
[Simulation]     node_5 (Climate-action piggyback conspiracist (Debnath hijack stream)): 4 message(s)
[Simulation]     node_7 (Depopulation / Gates-target believer (Debnath 2018–2021 broadening)): 4 message(s)
[Simulation]     node_6 (Geoengineering Conspiracy Believer (Debnath chemtrails cluster)): 4 message(s)
[Simulation]     node_2 (HAARP / weather-warfare believer (Debnath chemtrails neighbour terms)): 4 message(s)
[Simulation]     node_6 (Climate-action piggyback conspiracist (Debnath hijack stream)): 4 message(s)
[Simulation]     node_7 (Geoengineering Conspiracy Believer (Debnath chemtrails cluster)): 4 message(s)
[Simulation]   Tick 8/8
[Simulation]     node_0 (Geoengineering Conspiracy Believer (Debnath chemtrails cluster)): 4 message(s)
[Simulation]     node_3 (HAARP / weather-warfare believer (Debnath chemtrails neighbour terms)): 4 message(s)

[Simulation] === Propagating: chemtrails_gates_2018_2021 ===
[Simulation]   Tick 1/8
[Simulation]     node_0 (Depopulation / Gates-target believer (Debnath 2018–2021 broadening)): 1 message(s)
[Simulation]   Tick 2/8
[Simulation]     node_1 (Depopulation / Gates-target believer (Debnath 2018–2021 broadening)): 1 message(s)
[Simulation]     node_2 (Depopulation / Gates-target believer (Debnath 2018–2021 broadening)): 1 message(s)
[Simulation]   No propagation at tick 2, stopping.

[Simulation] === Propagating: sai_geoengineering ===
[Simulation]   Tick 1/8
[Simulation]     node_0 (Depopulation / Gates-target believer (Debnath 2018–2021 broadening)): 1 message(s)
[Simulation]   Tick 2/8
[Simulation]     node_1 (Depopulation / Gates-target believer (Debnath 2018–2021 broadening)): 1 message(s)
[Simulation]     node_7 (Climate-action piggyback conspiracist (Debnath hijack stream)): 4 message(s)
[Simulation]     node_4 (HAARP / weather-warfare believer (Debnath chemtrails neighbour terms)): 4 message(s)
[Simulation]     node_1 (Geoengineering Conspiracy Believer (Debnath chemtrails cluster)): 4 message(s)

[Simulation] === Propagating: chemtrails_gates_2018_2021 ===
[Simulation]   Tick 1/8
[Simulation]     node_0 (Climate-action piggyback conspiracist (Debnath hijack stream)): 1 message(s)
[Simulation]     node_2 (Depopulation / Gates-target believer (Debnath 2018–2021 broadening)): 1 message(s)
[Simulation]   Tick 3/8
[Simulation]     node_0 (Depopulation / Gates-target believer (Debnath 2018–2021 broadening)): 2 message(s)
[Simulation]     node_2 (Geoengineering Conspiracy Believer (Debnath chemtrails cluster)): 4 message(s)
[Simulation]   Tick 2/8
[Simulation]     node_1 (Climate-action piggyback conspiracist (Debnath hijack stream)): 1 message(s)
[Simulation]     node_2 (Climate-action piggyback conspiracist (Debnath hijack stream)): 1 message(s)
[Simulation]     node_5 (HAARP / weather-warfare believer (Debnath chemtrails neighbour terms)): 4 message(s)
[Simulation]     node_1 (Depopulation / Gates-target believer (Debnath 2018–2021 broadening)): 1 message(s)
[Simulation]     node_3 (Depopulation / Gates-target believer (Debnath 2018–2021 broadening)): 2 message(s)
[Simulation]     node_5 (Depopulation / Gates-target believer (Debnath 2018–2021 broadening)): 1 message(s)
[Simulation]   Tick 3/8
[Simulation]     node_0 (Climate-action piggyback conspiracist (Debnath hijack stream)): 2 message(s)
[Simulation]     node_3 (Geoengineering Conspiracy Believer (Debnath chemtrails cluster)): 4 message(s)
[Simulation]   Tick 4/8
[Simulation]     node_0 (Depopulation / Gates-target believer (Debnath 2018–2021 broadening)): 1 message(s)
[Simulation]     node_6 (HAARP / weather-warfare believer (Debnath chemtrails neighbour terms)): 4 message(s)
[Simulation]     node_1 (Climate-action piggyback conspiracist (Debnath hijack stream)): 1 message(s)
[Simulation]     node_1 (Depopulation / Gates-target believer (Debnath 2018–2021 broadening)): 4 message(s)
[Simulation]     node_4 (Geoengineering Conspiracy Believer (Debnath chemtrails cluster)): 4 message(s)
[Simulation]     node_3 (Climate-action piggyback conspiracist (Debnath hijack stream)): 2 message(s)
[Simulation]     node_7 (HAARP / weather-warfare believer (Debnath chemtrails neighbour terms)): 4 message(s)
[Simulation]     node_5 (Geoengineering Conspiracy Believer (Debnath chemtrails cluster)): 4 message(s)
[Simulation]     node_2 (Depopulation / Gates-target believer (Debnath 2018–2021 broadening)): 3 message(s)
[Simulation]     node_5 (Climate-action piggyback conspiracist (Debnath hijack stream)): 1 message(s)

[Simulation] === Propagating: chemtrails_gates_2018_2021 ===
[Simulation]   Tick 1/8
[Simulation]     node_0 (HAARP / weather-warfare believer (Debnath chemtrails neighbour terms)): 1 message(s)
[Simulation]   Tick 2/8
[Simulation]     node_1 (HAARP / weather-warfare believer (Debnath chemtrails neighbour terms)): 1 message(s)
[Simulation]     node_2 (HAARP / weather-warfare believer (Debnath chemtrails neighbour terms)): 1 message(s)
[Simulation]   Tick 4/8
[Simulation]     node_0 (Climate-action piggyback conspiracist (Debnath hijack stream)): 3 message(s)
[Simulation]     node_1 (Climate-action piggyback conspiracist (Debnath hijack stream)): 4 message(s)
[Simulation]     node_4 (Depopulation / Gates-target believer (Debnath 2018–2021 broadening)): 1 message(s)
[Simulation]     node_6 (Depopulation / Gates-target believer (Debnath 2018–2021 broadening)): 1 message(s)
[Simulation]     node_7 (Depopulation / Gates-target believer (Debnath 2018–2021 broadening)): 1 message(s)
[Simulation]   Tick 3/8
[Simulation]     node_0 (HAARP / weather-warfare believer (Debnath chemtrails neighbour terms)): 2 message(s)
