
=== 2026-09-19T02:58:11.632Z  node index.js --config thesisExperiment/configs/phase2/T2c_H_ring_climate_scientist.json
Loaded run config from: thesisExperiment/configs/phase2/T2c_H_ring_climate_scientist.json

[Simulation] Experiment: T2c_H_ring_climate_scientist_2026-09-19_02-58-11
[Simulation] Dir: /workspace/thesisExperiment/runs_phase2/T2c_H_ring_climate_scientist_2026-09-19_02-58-11


[Simulation] === Propagating: scopex_2017 ===
[Simulation]   Tick 1/8
[Simulation]     node_0 (Climate scientist (expert voice for heterogeneous mix)): 1 message(s)
[Simulation]   Tick 2/8
[Simulation]     node_1 (Climate scientist (expert voice for heterogeneous mix)): 1 message(s)
[Simulation]   Tick 3/8
[Simulation]     node_2 (Climate scientist (expert voice for heterogeneous mix)): 1 message(s)
[Simulation]   Tick 4/8
[Simulation]     node_3 (Climate scientist (expert voice for heterogeneous mix)): 1 message(s)
[Simulation]   Tick 5/8
[Simulation]     node_4 (Climate scientist (expert voice for heterogeneous mix)): 1 message(s)
[Simulation]   Tick 6/8
[Simulation]     node_5 (Climate scientist (expert voice for heterogeneous mix)): 1 message(s)
[Simulation]   Tick 7/8
[Simulation]     node_6 (Climate scientist (expert voice for heterogeneous mix)): 1 message(s)
[Simulation]   Tick 8/8
[Simulation]     node_7 (Climate scientist (expert voice for heterogeneous mix)): 1 message(s)

[Simulation] === Propagating: chemtrails_gates_2018_2021 ===
[Simulation]   Tick 1/8
[Simulation]     node_0 (Climate scientist (expert voice for heterogeneous mix)): 1 message(s)
[Simulation]   Tick 2/8
[Simulation]     node_1 (Climate scientist (expert voice for heterogeneous mix)): 1 message(s)
[Simulation]   Tick 3/8
[Simulation]     node_2 (Climate scientist (expert voice for heterogeneous mix)): 1 message(s)
[Simulation]   Tick 4/8
[Simulation]     node_3 (Climate scientist (expert voice for heterogeneous mix)): 1 message(s)
[Simulation]   No propagation at tick 4, stopping.

[Simulation] === Propagating: sai_geoengineering ===
[Simulation]   Tick 1/8
[Simulation]     node_0 (Climate scientist (expert voice for heterogeneous mix)): 1 message(s)
[Simulation]   Tick 2/8
[Simulation]     node_1 (Climate scientist (expert voice for heterogeneous mix)): 1 message(s)
[Simulation]   Tick 3/8
[Simulation]     node_2 (Climate scientist (expert voice for heterogeneous mix)): 1 message(s)
[Simulation]   Tick 4/8
[Simulation]     node_3 (Climate scientist (expert voice for heterogeneous mix)): 1 message(s)
[Simulation]   Tick 5/8
[Simulation]     node_4 (Climate scientist (expert voice for heterogeneous mix)): 1 message(s)
[Simulation]   Tick 6/8
[Simulation]     node_5 (Climate scientist (expert voice for heterogeneous mix)): 1 message(s)
[Simulation]   Tick 7/8
[Simulation]     node_6 (Climate scientist (expert voice for heterogeneous mix)): 1 message(s)
[Simulation]   Tick 8/8
[Simulation]     node_7 (Climate scientist (expert voice for heterogeneous mix)): 1 message(s)

[Simulation] === Propagating: paris_agreement ===
[Simulation]   Tick 1/8
[Simulation]     node_0 (Climate scientist (expert voice for heterogeneous mix)): 1 message(s)
[Simulation]   Tick 2/8
[Simulation]     node_1 (Climate scientist (expert voice for heterogeneous mix)): 1 message(s)
[Simulation]   Tick 3/8
[Simulation]     node_2 (Climate scientist (expert voice for heterogeneous mix)): 1 message(s)
[Simulation]   Tick 4/8
[Simulation]     node_3 (Climate scientist (expert voice for heterogeneous mix)): 1 message(s)

=== 2026-09-19T02:58:51.862Z  node index.js --config thesisExperiment/configs/phase2/T2c_H_ring_climate_scientist.json
[Simulation]   Tick 5/8
[Simulation]     node_4 (Climate scientist (expert voice for heterogeneous mix)): 1 message(s)
Loaded run config from: thesisExperiment/configs/phase2/T2c_H_ring_climate_scientist.json

[Simulation] Experiment: T2c_H_ring_climate_scientist_2026-09-19_02-58-51
[Simulation] Dir: /workspace/thesisExperiment/runs_phase2/T2c_H_ring_climate_scientist_2026-09-19_02-58-51


[Simulation] === Propagating: scopex_2017 ===
[Simulation]   Tick 1/8
[Simulation]     node_0 (Climate scientist (expert voice for heterogeneous mix)): 1 message(s)
[Simulation]   Tick 6/8
[Simulation]     node_5 (Climate scientist (expert voice for heterogeneous mix)): 1 message(s)
[Simulation]   Tick 2/8
[Simulation]     node_1 (Climate scientist (expert voice for heterogeneous mix)): 1 message(s)
[Simulation]   Tick 7/8
[Simulation]     node_6 (Climate scientist (expert voice for heterogeneous mix)): 1 message(s)
[Simulation]   Tick 3/8
[Simulation]     node_2 (Climate scientist (expert voice for heterogeneous mix)): 1 message(s)
[Simulation]   Tick 4/8
[Simulation]     node_3 (Climate scientist (expert voice for heterogeneous mix)): 1 message(s)
[Simulation]   No propagation at tick 4, stopping.

[Simulation] === Propagating: chemtrails_gates_2018_2021 ===
[Simulation]   Tick 1/8
[Simulation]     node_0 (Climate scientist (expert voice for heterogeneous mix)): 1 message(s)
[Simulation]   Tick 8/8
[Simulation]     node_7 (Climate scientist (expert voice for heterogeneous mix)): 1 message(s)
