[2026-09-18T18:18:40.847Z] poll 1 envFile=false keyReady=false procLen=0 fileLen=0 ok=false
[2026-09-18T18:19:00.851Z] poll 2 envFile=false keyReady=false procLen=0 fileLen=0 ok=false
[2026-09-18T18:19:20.874Z] poll 3 envFile=false keyReady=false procLen=0 fileLen=0 ok=false
[2026-09-18T18:19:40.897Z] poll 4 envFile=false keyReady=false procLen=0 fileLen=0 ok=false
[2026-09-18T18:20:00.920Z] poll 5 envFile=false keyReady=false procLen=0 fileLen=0 ok=false
[2026-09-18T18:20:20.942Z] poll 6 envFile=false keyReady=false procLen=0 fileLen=0 ok=false
[2026-09-18T18:20:40.966Z] poll 7 envFile=false keyReady=false procLen=0 fileLen=0 ok=false
[2026-09-18T18:21:00.977Z] poll 8 envFile=false keyReady=false procLen=0 fileLen=0 ok=false
[2026-09-18T18:21:20.989Z] poll 9 envFile=false keyReady=false procLen=0 fileLen=0 ok=false
[2026-09-18T18:21:41.008Z] poll 10 envFile=false keyReady=false procLen=0 fileLen=0 ok=false
[2026-09-18T18:22:01.022Z] poll 11 envFile=false keyReady=false procLen=0 fileLen=0 ok=false
[2026-09-18T18:22:21.027Z] poll 12 envFile=false keyReady=false procLen=0 fileLen=0 ok=false
[2026-09-18T18:22:41.049Z] poll 13 envFile=false keyReady=false procLen=0 fileLen=0 ok=false
[2026-09-18T18:23:01.070Z] poll 14 envFile=false keyReady=false procLen=0 fileLen=0 ok=false
[2026-09-18T18:23:21.077Z] poll 15 envFile=false keyReady=false procLen=0 fileLen=0 ok=false
[2026-09-18T18:23:41.098Z] poll 16 envFile=false keyReady=false procLen=0 fileLen=0 ok=false
[2026-09-18T18:24:01.121Z] poll 17 envFile=false keyReady=false procLen=0 fileLen=0 ok=false
[2026-09-18T18:24:21.143Z] poll 18 envFile=false keyReady=false procLen=0 fileLen=0 ok=false
[2026-09-18T18:24:41.166Z] poll 19 envFile=false keyReady=false procLen=0 fileLen=0 ok=false
[2026-09-18T18:25:01.189Z] poll 20 envFile=false keyReady=false procLen=0 fileLen=0 ok=false
[2026-09-18T18:25:21.202Z] poll 21 envFile=false keyReady=false procLen=0 fileLen=0 ok=false
[2026-09-18T18:25:41.224Z] poll 22 envFile=false keyReady=false procLen=0 fileLen=0 ok=false
[2026-09-18T18:26:01.247Z] poll 23 envFile=false keyReady=false procLen=0 fileLen=0 ok=false
[2026-09-18T18:26:21.269Z] poll 24 envFile=false keyReady=false procLen=0 fileLen=0 ok=false
[2026-09-18T18:26:21.276Z] EXIT waiting for key
===== T2c_H follow-up poll 30s/20min 2026-09-18T18:27:28Z =====
[2026-09-18T18:27:28.216Z] poll 1 envFile=false keyReady=false procLen=0 fileLen=0 ok=false
[2026-09-18T18:27:58.241Z] poll 2 envFile=false keyReady=false procLen=0 fileLen=0 ok=false
[2026-09-18T18:28:28.274Z] poll 3 envFile=false keyReady=false procLen=0 fileLen=0 ok=false
[2026-09-18T18:28:58.282Z] poll 4 envFile=false keyReady=false procLen=0 fileLen=0 ok=false
[2026-09-18T18:29:28.314Z] poll 5 envFile=false keyReady=false procLen=0 fileLen=0 ok=false
[2026-09-18T18:29:58.333Z] poll 6 envFile=false keyReady=false procLen=0 fileLen=0 ok=false
[2026-09-18T18:30:28.337Z] poll 7 envFile=false keyReady=false procLen=0 fileLen=0 ok=false
[2026-09-18T18:30:58.351Z] poll 8 envFile=false keyReady=false procLen=0 fileLen=0 ok=false
[2026-09-18T18:31:28.369Z] poll 9 envFile=false keyReady=false procLen=0 fileLen=0 ok=false
[2026-09-18T18:31:58.389Z] poll 10 envFile=false keyReady=false procLen=0 fileLen=0 ok=false
[2026-09-18T18:32:28.418Z] poll 11 envFile=false keyReady=false procLen=0 fileLen=0 ok=false
[2026-09-18T18:32:58.427Z] poll 12 envFile=false keyReady=false procLen=0 fileLen=0 ok=false
[2026-09-18T18:33:28.460Z] poll 13 envFile=false keyReady=false procLen=0 fileLen=0 ok=false
[2026-09-18T18:33:58.492Z] poll 14 envFile=false keyReady=false procLen=0 fileLen=0 ok=false
[2026-09-18T18:34:28.522Z] poll 15 envFile=false keyReady=false procLen=0 fileLen=0 ok=false
[2026-09-18T18:34:58.555Z] poll 16 envFile=false keyReady=false procLen=0 fileLen=0 ok=false
[2026-09-18T18:35:28.588Z] poll 17 envFile=false keyReady=false procLen=0 fileLen=0 ok=false
[2026-09-18T18:35:58.620Z] poll 18 envFile=false keyReady=false procLen=0 fileLen=0 ok=false
[2026-09-18T18:36:28.653Z] poll 19 envFile=false keyReady=false procLen=0 fileLen=0 ok=false
[2026-09-18T18:36:58.678Z] poll 20 envFile=false keyReady=false procLen=0 fileLen=0 ok=false
[2026-09-18T18:37:28.711Z] poll 21 envFile=false keyReady=false procLen=0 fileLen=0 ok=false
[2026-09-18T18:37:58.726Z] poll 22 envFile=false keyReady=false procLen=0 fileLen=0 ok=false
[2026-09-18T18:38:28.746Z] poll 23 envFile=false keyReady=false procLen=0 fileLen=0 ok=false
[2026-09-18T18:38:58.759Z] poll 24 envFile=false keyReady=false procLen=0 fileLen=0 ok=false
[2026-09-18T18:39:28.782Z] poll 25 envFile=false keyReady=false procLen=0 fileLen=0 ok=false
[2026-09-18T18:39:58.810Z] poll 26 envFile=false keyReady=false procLen=0 fileLen=0 ok=false
[2026-09-18T18:40:28.827Z] poll 27 envFile=false keyReady=false procLen=0 fileLen=0 ok=false
[2026-09-18T18:40:58.859Z] poll 28 envFile=false keyReady=false procLen=0 fileLen=0 ok=false
[2026-09-18T18:41:28.893Z] poll 29 envFile=false keyReady=false procLen=0 fileLen=0 ok=false
[2026-09-18T18:41:58.898Z] poll 30 envFile=false keyReady=false procLen=0 fileLen=0 ok=false
[2026-09-18T18:42:28.930Z] poll 31 envFile=false keyReady=false procLen=0 fileLen=0 ok=false
[2026-09-18T18:42:58.963Z] poll 32 envFile=false keyReady=false procLen=0 fileLen=0 ok=false
[2026-09-18T18:43:28.995Z] poll 33 envFile=false keyReady=false procLen=0 fileLen=0 ok=false
[2026-09-18T18:43:59.012Z] poll 34 envFile=false keyReady=false procLen=0 fileLen=0 ok=false
[2026-09-18T18:44:29.045Z] poll 35 envFile=false keyReady=false procLen=0 fileLen=0 ok=false
[2026-09-18T18:44:59.064Z] poll 36 envFile=false keyReady=false procLen=0 fileLen=0 ok=false
[2026-09-18T18:45:29.097Z] poll 37 envFile=false keyReady=false procLen=0 fileLen=0 ok=false
[2026-09-18T18:45:59.122Z] poll 38 envFile=false keyReady=false procLen=0 fileLen=0 ok=false
[2026-09-18T18:46:29.155Z] poll 39 envFile=false keyReady=false procLen=0 fileLen=0 ok=false
[2026-09-18T18:46:59.183Z] poll 40 envFile=false keyReady=false procLen=0 fileLen=0 ok=false
[2026-09-18T18:46:59.186Z] EXIT waiting for key
===== T2c_H poll 15s/10min concurrency=4 2026-09-18T20:39:18Z =====
[2026-09-18T20:39:18.564Z] poll 1 envFile=false keyReady=false procLen=0 fileLen=0 ok=false
[2026-09-18T20:39:33.575Z] poll 2 envFile=false keyReady=false procLen=0 fileLen=0 ok=false
[2026-09-18T20:39:48.581Z] poll 3 envFile=false keyReady=false procLen=0 fileLen=0 ok=false
[2026-09-18T20:40:03.599Z] poll 4 envFile=false keyReady=false procLen=0 fileLen=0 ok=false
[2026-09-18T20:40:18.610Z] poll 5 envFile=false keyReady=false procLen=0 fileLen=0 ok=false
[2026-09-18T20:40:33.615Z] poll 6 envFile=false keyReady=false procLen=0 fileLen=0 ok=false
[2026-09-18T20:40:48.626Z] poll 7 envFile=false keyReady=false procLen=0 fileLen=0 ok=false
[2026-09-18T20:41:03.641Z] poll 8 envFile=false keyReady=false procLen=0 fileLen=0 ok=false
[2026-09-18T20:41:18.659Z] poll 9 envFile=false keyReady=false procLen=0 fileLen=0 ok=false
[2026-09-18T20:41:33.678Z] poll 10 envFile=false keyReady=false procLen=0 fileLen=0 ok=false
[2026-09-18T20:41:48.695Z] poll 11 envFile=false keyReady=false procLen=0 fileLen=0 ok=false
[2026-09-18T20:42:03.713Z] poll 12 envFile=false keyReady=false procLen=0 fileLen=0 ok=false
[2026-09-18T20:42:18.731Z] poll 13 envFile=false keyReady=false procLen=0 fileLen=0 ok=false
[2026-09-18T20:42:33.746Z] poll 14 envFile=false keyReady=false procLen=0 fileLen=0 ok=false
[2026-09-18T20:42:48.764Z] poll 15 envFile=false keyReady=false procLen=0 fileLen=0 ok=false
[2026-09-18T20:43:03.783Z] poll 16 envFile=false keyReady=false procLen=0 fileLen=0 ok=false
[2026-09-18T20:43:18.801Z] poll 17 envFile=false keyReady=false procLen=0 fileLen=0 ok=false
[2026-09-18T20:43:33.819Z] poll 18 envFile=false keyReady=false procLen=0 fileLen=0 ok=false
[2026-09-18T20:43:48.837Z] poll 19 envFile=false keyReady=false procLen=0 fileLen=0 ok=false
[2026-09-18T20:44:03.856Z] poll 20 envFile=false keyReady=false procLen=0 fileLen=0 ok=false
[2026-09-18T20:44:18.873Z] poll 21 envFile=false keyReady=false procLen=0 fileLen=0 ok=false
[2026-09-18T20:44:33.890Z] poll 22 envFile=false keyReady=false procLen=0 fileLen=0 ok=false
[2026-09-18T20:44:48.908Z] poll 23 envFile=false keyReady=false procLen=0 fileLen=0 ok=false
[2026-09-18T20:45:03.914Z] poll 24 envFile=false keyReady=false procLen=0 fileLen=0 ok=false
[2026-09-18T20:45:18.926Z] poll 25 envFile=false keyReady=false procLen=0 fileLen=0 ok=false
[2026-09-18T20:45:33.944Z] poll 26 envFile=false keyReady=false procLen=0 fileLen=0 ok=false
[2026-09-18T20:45:48.958Z] poll 27 envFile=false keyReady=false procLen=0 fileLen=0 ok=false
[2026-09-18T20:46:03.967Z] poll 28 envFile=false keyReady=false procLen=0 fileLen=0 ok=false
[2026-09-18T20:46:18.984Z] poll 29 envFile=false keyReady=false procLen=0 fileLen=0 ok=false
[2026-09-18T20:46:34.002Z] poll 30 envFile=false keyReady=false procLen=0 fileLen=0 ok=false
[2026-09-18T20:46:49.006Z] poll 31 envFile=false keyReady=false procLen=0 fileLen=0 ok=false
[2026-09-18T20:47:04.024Z] poll 32 envFile=false keyReady=false procLen=0 fileLen=0 ok=false
[2026-09-18T20:47:19.042Z] poll 33 envFile=false keyReady=false procLen=0 fileLen=0 ok=false
[2026-09-18T20:47:34.054Z] poll 34 envFile=false keyReady=false procLen=0 fileLen=0 ok=false
[2026-09-18T20:47:49.071Z] poll 35 envFile=false keyReady=false procLen=0 fileLen=0 ok=false
[2026-09-18T20:48:04.089Z] poll 36 envFile=false keyReady=false procLen=0 fileLen=0 ok=false
[2026-09-18T20:48:19.107Z] poll 37 envFile=false keyReady=false procLen=0 fileLen=0 ok=false
[2026-09-18T20:48:34.125Z] poll 38 envFile=false keyReady=false procLen=0 fileLen=0 ok=false
[2026-09-18T20:48:49.141Z] poll 39 envFile=false keyReady=false procLen=0 fileLen=0 ok=false
[2026-09-18T20:49:04.159Z] poll 40 envFile=false keyReady=false procLen=0 fileLen=0 ok=false
[2026-09-18T20:49:04.164Z] EXIT waiting for key
===== T2c_H follow-up poll 20s/15min concurrency=4 2026-09-18T20:50:37Z =====
[2026-09-18T20:50:37.306Z] poll 1 envFile=false keyReady=false procLen=0 fileLen=0 ok=false
[2026-09-18T20:50:57.321Z] poll 2 envFile=false keyReady=false procLen=0 fileLen=0 ok=false
[2026-09-18T20:51:17.344Z] poll 3 envFile=false keyReady=false procLen=0 fileLen=0 ok=false
[2026-09-18T20:51:37.358Z] poll 4 envFile=false keyReady=false procLen=0 fileLen=0 ok=false
[2026-09-18T20:51:57.381Z] poll 5 envFile=false keyReady=false procLen=0 fileLen=0 ok=false
[2026-09-18T20:52:17.406Z] poll 6 envFile=false keyReady=false procLen=0 fileLen=0 ok=false
[2026-09-18T20:52:37.428Z] poll 7 envFile=false keyReady=false procLen=0 fileLen=0 ok=false
[2026-09-18T20:52:57.450Z] poll 8 envFile=false keyReady=false procLen=0 fileLen=0 ok=false
[2026-09-18T20:53:17.462Z] poll 9 envFile=false keyReady=false procLen=0 fileLen=0 ok=false
[2026-09-18T20:53:37.486Z] poll 10 envFile=false keyReady=false procLen=0 fileLen=0 ok=false
[2026-09-18T20:53:57.491Z] poll 11 envFile=false keyReady=false procLen=0 fileLen=0 ok=false
[2026-09-18T20:54:17.507Z] poll 12 envFile=false keyReady=false procLen=0 fileLen=0 ok=false
[2026-09-18T20:54:37.526Z] poll 13 envFile=false keyReady=false procLen=0 fileLen=0 ok=false
[2026-09-18T20:54:57.549Z] poll 14 envFile=false keyReady=false procLen=0 fileLen=0 ok=false
[2026-09-18T20:55:17.571Z] poll 15 envFile=false keyReady=false procLen=0 fileLen=0 ok=false
[2026-09-18T20:55:37.594Z] poll 16 envFile=false keyReady=false procLen=0 fileLen=0 ok=false
[2026-09-18T20:55:57.613Z] poll 17 envFile=false keyReady=false procLen=0 fileLen=0 ok=false
[2026-09-18T20:56:17.636Z] poll 18 envFile=false keyReady=false procLen=0 fileLen=0 ok=false
[2026-09-18T20:56:37.642Z] poll 19 envFile=false keyReady=false procLen=0 fileLen=0 ok=false
[2026-09-18T20:56:57.665Z] poll 20 envFile=false keyReady=false procLen=0 fileLen=0 ok=false
[2026-09-18T20:57:17.686Z] poll 21 envFile=false keyReady=false procLen=0 fileLen=0 ok=false
[2026-09-18T20:57:37.706Z] poll 22 envFile=false keyReady=false procLen=0 fileLen=0 ok=false
[2026-09-18T20:57:57.729Z] poll 23 envFile=false keyReady=false procLen=0 fileLen=0 ok=false
[2026-09-18T20:58:17.751Z] poll 24 envFile=false keyReady=false procLen=0 fileLen=0 ok=false
[2026-09-18T20:58:37.774Z] poll 25 envFile=false keyReady=false procLen=0 fileLen=0 ok=false
[2026-09-18T20:58:57.798Z] poll 26 envFile=false keyReady=false procLen=0 fileLen=0 ok=false
[2026-09-18T20:59:17.821Z] poll 27 envFile=false keyReady=false procLen=0 fileLen=0 ok=false
[2026-09-18T20:59:37.844Z] poll 28 envFile=false keyReady=false procLen=0 fileLen=0 ok=false
[2026-09-18T20:59:57.867Z] poll 29 envFile=false keyReady=false procLen=0 fileLen=0 ok=false
[2026-09-18T21:00:17.890Z] poll 30 envFile=false keyReady=false procLen=0 fileLen=0 ok=false
[2026-09-18T21:00:37.898Z] poll 31 envFile=false keyReady=false procLen=0 fileLen=0 ok=false
[2026-09-18T21:00:57.917Z] poll 32 envFile=false keyReady=false procLen=0 fileLen=0 ok=false
[2026-09-18T21:01:17.940Z] poll 33 envFile=false keyReady=false procLen=0 fileLen=0 ok=false
[2026-09-18T21:01:37.964Z] poll 34 envFile=false keyReady=false procLen=0 fileLen=0 ok=false
[2026-09-18T21:01:57.988Z] poll 35 envFile=false keyReady=false procLen=0 fileLen=0 ok=false
[2026-09-18T21:02:18.011Z] poll 36 envFile=false keyReady=false procLen=0 fileLen=0 ok=false
[2026-09-18T21:02:38.034Z] poll 37 envFile=false keyReady=false procLen=0 fileLen=0 ok=false
[2026-09-18T21:02:58.057Z] poll 38 envFile=false keyReady=false procLen=0 fileLen=0 ok=false
[2026-09-18T21:03:18.063Z] poll 39 envFile=false keyReady=false procLen=0 fileLen=0 ok=false
[2026-09-18T21:03:38.085Z] poll 40 envFile=false keyReady=false procLen=0 fileLen=0 ok=false
[2026-09-18T21:03:58.108Z] poll 41 envFile=false keyReady=false procLen=0 fileLen=0 ok=false
[2026-09-18T21:04:18.131Z] poll 42 envFile=false keyReady=false procLen=0 fileLen=0 ok=false
[2026-09-18T21:04:38.151Z] poll 43 envFile=false keyReady=false procLen=0 fileLen=0 ok=false
[2026-09-18T21:04:58.174Z] poll 44 envFile=false keyReady=false procLen=0 fileLen=0 ok=false
[2026-09-18T21:05:18.194Z] poll 45 envFile=false keyReady=false procLen=0 fileLen=0 ok=false
[2026-09-18T21:05:18.201Z] EXIT waiting for key
