
=== 2026-09-19T02:57:36.595Z  node index.js --config thesisExperiment/configs/phase2/T2c_H_ring_ozone_stratosphere_specialist.json
Loaded run config from: thesisExperiment/configs/phase2/T2c_H_ring_ozone_stratosphere_specialist.json

[Simulation] Experiment: T2c_H_ring_ozone_stratosphere_specialist_2026-09-19_02-57-36
[Simulation] Dir: /workspace/thesisExperiment/runs_phase2/T2c_H_ring_ozone_stratosphere_specialist_2026-09-19_02-57-36


[Simulation] === Propagating: scopex_2017 ===
[Simulation]   Tick 1/8
[Simulation]     node_0 (Ozone / stratosphere concern voice (Debnath ozone neighbour)): 1 message(s)
[Simulation]   Tick 2/8
[Simulation]     node_1 (Ozone / stratosphere concern voice (Debnath ozone neighbour)): 1 message(s)
[Simulation]   Tick 3/8
[Simulation]     node_2 (Ozone / stratosphere concern voice (Debnath ozone neighbour)): 1 message(s)
[Simulation]   Tick 4/8
[Simulation]     node_3 (Ozone / stratosphere concern voice (Debnath ozone neighbour)): 1 message(s)
[Simulation]   Tick 5/8
[Simulation]     node_4 (Ozone / stratosphere concern voice (Debnath ozone neighbour)): 1 message(s)
[Simulation]   Tick 6/8
[Simulation]     node_5 (Ozone / stratosphere concern voice (Debnath ozone neighbour)): 1 message(s)
[Simulation]   Tick 7/8
[Simulation]     node_6 (Ozone / stratosphere concern voice (Debnath ozone neighbour)): 1 message(s)
[Simulation]   Tick 8/8
[Simulation]     node_7 (Ozone / stratosphere concern voice (Debnath ozone neighbour)): 1 message(s)

[Simulation] === Propagating: chemtrails_gates_2018_2021 ===
[Simulation]   Tick 1/8
[Simulation]     node_0 (Ozone / stratosphere concern voice (Debnath ozone neighbour)): 1 message(s)
[Simulation]   Tick 2/8
[Simulation]     node_1 (Ozone / stratosphere concern voice (Debnath ozone neighbour)): 1 message(s)
[Simulation]   Tick 3/8
[Simulation]     node_2 (Ozone / stratosphere concern voice (Debnath ozone neighbour)): 1 message(s)
[Simulation]   Tick 4/8
[Simulation]     node_3 (Ozone / stratosphere concern voice (Debnath ozone neighbour)): 1 message(s)
[Simulation]   Tick 5/8
[Simulation]     node_4 (Ozone / stratosphere concern voice (Debnath ozone neighbour)): 1 message(s)
[Simulation]   Tick 6/8
[Simulation]     node_5 (Ozone / stratosphere concern voice (Debnath ozone neighbour)): 1 message(s)
[Simulation]   Tick 7/8
[Simulation]     node_6 (Ozone / stratosphere concern voice (Debnath ozone neighbour)): 1 message(s)
[Simulation]   Tick 8/8
[Simulation]     node_7 (Ozone / stratosphere concern voice (Debnath ozone neighbour)): 1 message(s)

[Simulation] === Propagating: sai_geoengineering ===
[Simulation]   Tick 1/8
[Simulation]     node_0 (Ozone / stratosphere concern voice (Debnath ozone neighbour)): 1 message(s)
[Simulation]   Tick 2/8
[Simulation]     node_1 (Ozone / stratosphere concern voice (Debnath ozone neighbour)): 1 message(s)
[Simulation]   Tick 3/8
[Simulation]     node_2 (Ozone / stratosphere concern voice (Debnath ozone neighbour)): 1 message(s)
[Simulation]   Tick 4/8
[Simulation]     node_3 (Ozone / stratosphere concern voice (Debnath ozone neighbour)): 1 message(s)
[Simulation]   Tick 5/8
[Simulation]     node_4 (Ozone / stratosphere concern voice (Debnath ozone neighbour)): 1 message(s)
[Simulation]   Tick 6/8
[Simulation]     node_5 (Ozone / stratosphere concern voice (Debnath ozone neighbour)): 1 message(s)
[Simulation]   Tick 7/8
[Simulation]     node_6 (Ozone / stratosphere concern voice (Debnath ozone neighbour)): 1 message(s)
[Simulation]   Tick 8/8
[Simulation]     node_7 (Ozone / stratosphere concern voice (Debnath ozone neighbour)): 1 message(s)

[Simulation] === Propagating: paris_agreement ===
[Simulation]   Tick 1/8
[Simulation]     node_0 (Ozone / stratosphere concern voice (Debnath ozone neighbour)): 1 message(s)
[Simulation]   Tick 2/8
[Simulation]     node_1 (Ozone / stratosphere concern voice (Debnath ozone neighbour)): 1 message(s)
[Simulation]   Tick 3/8
[Simulation]     node_2 (Ozone / stratosphere concern voice (Debnath ozone neighbour)): 1 message(s)
[Simulation]   Tick 4/8
[Simulation]     node_3 (Ozone / stratosphere concern voice (Debnath ozone neighbour)): 1 message(s)
[Simulation]   Tick 5/8
[Simulation]     node_4 (Ozone / stratosphere concern voice (Debnath ozone neighbour)): 1 message(s)
[Simulation]   Tick 6/8
[Simulation]     node_5 (Ozone / stratosphere concern voice (Debnath ozone neighbour)): 1 message(s)
[Simulation]   Tick 7/8
[Simulation]     node_6 (Ozone / stratosphere concern voice (Debnath ozone neighbour)): 1 message(s)
[Simulation]   Tick 8/8
[Simulation]     node_7 (Ozone / stratosphere concern voice (Debnath ozone neighbour)): 1 message(s)

[Simulation] === Propagating: climate_consensus ===
[Simulation]   Tick 1/8
[Simulation]     node_0 (Ozone / stratosphere concern voice (Debnath ozone neighbour)): 1 message(s)
[Simulation]   Tick 2/8
[Simulation]     node_1 (Ozone / stratosphere concern voice (Debnath ozone neighbour)): 1 message(s)
[Simulation]   Tick 3/8
[Simulation]     node_2 (Ozone / stratosphere concern voice (Debnath ozone neighbour)): 1 message(s)
[Simulation]   Tick 4/8
[Simulation]     node_3 (Ozone / stratosphere concern voice (Debnath ozone neighbour)): 1 message(s)
[Simulation]   Tick 5/8
[Simulation]     node_4 (Ozone / stratosphere concern voice (Debnath ozone neighbour)): 1 message(s)
[Simulation]   Tick 6/8
[Simulation]     node_5 (Ozone / stratosphere concern voice (Debnath ozone neighbour)): 1 message(s)
[Simulation]   Tick 7/8
[Simulation]     node_6 (Ozone / stratosphere concern voice (Debnath ozone neighbour)): 1 message(s)
[Simulation]   Tick 8/8
[Simulation]     node_7 (Ozone / stratosphere concern voice (Debnath ozone neighbour)): 1 message(s)

[Simulation] === Propagating: polar_bears ===
[Simulation]   Tick 1/8
[Simulation]     node_0 (Ozone / stratosphere concern voice (Debnath ozone neighbour)): 1 message(s)
[Simulation]   Tick 2/8
[Simulation]     node_1 (Ozone / stratosphere concern voice (Debnath ozone neighbour)): 1 message(s)

=== 2026-09-19T02:58:51.856Z  node index.js --config thesisExperiment/configs/phase2/T2c_H_ring_ozone_stratosphere_specialist.json
Loaded run config from: thesisExperiment/configs/phase2/T2c_H_ring_ozone_stratosphere_specialist.json

[Simulation] Experiment: T2c_H_ring_ozone_stratosphere_specialist_2026-09-19_02-58-51
[Simulation] Dir: /workspace/thesisExperiment/runs_phase2/T2c_H_ring_ozone_stratosphere_specialist_2026-09-19_02-58-51


[Simulation] === Propagating: scopex_2017 ===
[Simulation]   Tick 1/8
[Simulation]     node_0 (Ozone / stratosphere concern voice (Debnath ozone neighbour)): 1 message(s)
[Simulation]   Tick 3/8
[Simulation]     node_2 (Ozone / stratosphere concern voice (Debnath ozone neighbour)): 1 message(s)
[Simulation]   Tick 4/8
[Simulation]     node_3 (Ozone / stratosphere concern voice (Debnath ozone neighbour)): 1 message(s)
[Simulation]   Tick 2/8
[Simulation]     node_1 (Ozone / stratosphere concern voice (Debnath ozone neighbour)): 1 message(s)
[Simulation]   Tick 5/8
[Simulation]     node_4 (Ozone / stratosphere concern voice (Debnath ozone neighbour)): 1 message(s)
[Simulation]   Tick 3/8
[Simulation]     node_2 (Ozone / stratosphere concern voice (Debnath ozone neighbour)): 1 message(s)
[Simulation]   Tick 6/8
[Simulation]     node_5 (Ozone / stratosphere concern voice (Debnath ozone neighbour)): 1 message(s)
[Simulation]   Tick 4/8
[Simulation]     node_3 (Ozone / stratosphere concern voice (Debnath ozone neighbour)): 1 message(s)
