
=== 2026-09-19T04:08:51.206Z  node index.js --config thesisExperiment/configs/phase2/T2c_He_echo_chamber_mix_03.json
Loaded run config from: thesisExperiment/configs/phase2/T2c_He_echo_chamber_mix_03.json

[Simulation] Experiment: T2c_He_echo_chamber_mix_03_2026-09-19_04-08-51
[Simulation] Dir: /workspace/thesisExperiment/runs_phase2/T2c_He_echo_chamber_mix_03_2026-09-19_04-08-51


[Simulation] === Propagating: scopex_2017 ===
[Simulation]   Tick 1/8
[Simulation]     node_0 (Geoengineering Conspiracy Believer (Debnath chemtrails cluster)): 1 message(s)
[Simulation]   Tick 2/8
Unknown personaId conspiracy_depopulation, using neutral
Fatal error: TypeError: Cannot read properties of undefined (reading 'name')
    at Simulation._propagateGroup (/workspace/src/Simulation.js:280:50)
    at process.processTicksAndRejections (node:internal/process/task_queues:105:5)
    at async Simulation._runPropagationPhase (/workspace/src/Simulation.js:200:7)
    at async Simulation._execute (/workspace/src/Simulation.js:132:9)
    at async main (/workspace/index.js:492:19)

=== 2026-09-19T04:13:27.148Z  node index.js --config thesisExperiment/configs/phase2/T2c_He_echo_chamber_mix_03.json
Loaded run config from: thesisExperiment/configs/phase2/T2c_He_echo_chamber_mix_03.json

[Simulation] Experiment: T2c_He_echo_chamber_mix_03_2026-09-19_04-13-27
[Simulation] Dir: /workspace/thesisExperiment/runs_phase2/T2c_He_echo_chamber_mix_03_2026-09-19_04-13-27


[Simulation] === Propagating: scopex_2017 ===
[Simulation]   Tick 1/8
[Simulation]     node_0 (Geoengineering Conspiracy Believer (Debnath chemtrails cluster)): 1 message(s)
[Simulation]   Tick 2/8
[Simulation]     node_2 (Geoengineering Conspiracy Believer (Debnath chemtrails cluster)): 1 message(s)
[Simulation]     node_4 (Geoengineering Conspiracy Believer (Debnath chemtrails cluster)): 1 message(s)
[Simulation]     node_6 (Geoengineering Conspiracy Believer (Debnath chemtrails cluster)): 1 message(s)
[Simulation]   Tick 3/8
[Simulation]     node_0 (Geoengineering Conspiracy Believer (Debnath chemtrails cluster)): 2 message(s)
[Simulation]     node_1 (Mitigation-first policy analyst (Debnath climate-action / SRM-governance)): 1 message(s)
[Simulation]     node_2 (Geoengineering Conspiracy Believer (Debnath chemtrails cluster)): 1 message(s)
[Simulation]     node_4 (Geoengineering Conspiracy Believer (Debnath chemtrails cluster)): 1 message(s)
[Simulation]     node_5 (Climate scientist (expert voice for heterogeneous mix)): 1 message(s)
[Simulation]     node_6 (Geoengineering Conspiracy Believer (Debnath chemtrails cluster)): 1 message(s)
[Simulation]   Tick 4/8
[Simulation]     node_0 (Geoengineering Conspiracy Believer (Debnath chemtrails cluster)): 3 message(s)
[Simulation]     node_1 (Mitigation-first policy analyst (Debnath climate-action / SRM-governance)): 1 message(s)
[Simulation]     node_2 (Geoengineering Conspiracy Believer (Debnath chemtrails cluster)): 4 message(s)
[Simulation]     node_3 (Ozone / stratosphere concern voice (Debnath ozone neighbour)): 1 message(s)
[Simulation]     node_4 (Geoengineering Conspiracy Believer (Debnath chemtrails cluster)): 4 message(s)
[Simulation]     node_5 (Climate scientist (expert voice for heterogeneous mix)): 1 message(s)
[Simulation]     node_6 (Geoengineering Conspiracy Believer (Debnath chemtrails cluster)): 3 message(s)
[Simulation]     node_7 (Climate justice youth organiser (Debnath climate-action variant)): 1 message(s)
[Simulation]   Tick 5/8
[Simulation]     node_0 (Geoengineering Conspiracy Believer (Debnath chemtrails cluster)): 4 message(s)
[Simulation]     node_1 (Mitigation-first policy analyst (Debnath climate-action / SRM-governance)): 4 message(s)
[Simulation]     node_2 (Geoengineering Conspiracy Believer (Debnath chemtrails cluster)): 4 message(s)
[Simulation]     node_3 (Ozone / stratosphere concern voice (Debnath ozone neighbour)): 2 message(s)
[Simulation]     node_4 (Geoengineering Conspiracy Believer (Debnath chemtrails cluster)): 4 message(s)
[Simulation]     node_5 (Climate scientist (expert voice for heterogeneous mix)): 4 message(s)
[Simulation]     node_6 (Geoengineering Conspiracy Believer (Debnath chemtrails cluster)): 4 message(s)
[Simulation]     node_7 (Climate justice youth organiser (Debnath climate-action variant)): 1 message(s)
[Simulation]   Tick 6/8
[Simulation]     node_0 (Geoengineering Conspiracy Believer (Debnath chemtrails cluster)): 4 message(s)
[Simulation]     node_1 (Mitigation-first policy analyst (Debnath climate-action / SRM-governance)): 4 message(s)
[Simulation]     node_2 (Geoengineering Conspiracy Believer (Debnath chemtrails cluster)): 4 message(s)
[Simulation]     node_3 (Ozone / stratosphere concern voice (Debnath ozone neighbour)): 3 message(s)
[Simulation]     node_4 (Geoengineering Conspiracy Believer (Debnath chemtrails cluster)): 4 message(s)
[Simulation]     node_5 (Climate scientist (expert voice for heterogeneous mix)): 4 message(s)
[Simulation]     node_6 (Geoengineering Conspiracy Believer (Debnath chemtrails cluster)): 4 message(s)
[Simulation]     node_7 (Climate justice youth organiser (Debnath climate-action variant)): 3 message(s)
[Simulation]   Tick 7/8
[Simulation]     node_0 (Geoengineering Conspiracy Believer (Debnath chemtrails cluster)): 4 message(s)
[Simulation]     node_1 (Mitigation-first policy analyst (Debnath climate-action / SRM-governance)): 4 message(s)
[Simulation]     node_2 (Geoengineering Conspiracy Believer (Debnath chemtrails cluster)): 4 message(s)
[Simulation]     node_3 (Ozone / stratosphere concern voice (Debnath ozone neighbour)): 4 message(s)
[Simulation]     node_4 (Geoengineering Conspiracy Believer (Debnath chemtrails cluster)): 4 message(s)
[Simulation]     node_5 (Climate scientist (expert voice for heterogeneous mix)): 4 message(s)
[Simulation]     node_6 (Geoengineering Conspiracy Believer (Debnath chemtrails cluster)): 4 message(s)
[Simulation]     node_7 (Climate justice youth organiser (Debnath climate-action variant)): 4 message(s)
[Simulation]   Tick 8/8
[Simulation]     node_0 (Geoengineering Conspiracy Believer (Debnath chemtrails cluster)): 4 message(s)
[Simulation]     node_1 (Mitigation-first policy analyst (Debnath climate-action / SRM-governance)): 4 message(s)
[Simulation]     node_2 (Geoengineering Conspiracy Believer (Debnath chemtrails cluster)): 4 message(s)
[Simulation]     node_3 (Ozone / stratosphere concern voice (Debnath ozone neighbour)): 4 message(s)
[Simulation]     node_4 (Geoengineering Conspiracy Believer (Debnath chemtrails cluster)): 4 message(s)
[Simulation]     node_5 (Climate scientist (expert voice for heterogeneous mix)): 4 message(s)
[Simulation]     node_6 (Geoengineering Conspiracy Believer (Debnath chemtrails cluster)): 4 message(s)
[Simulation]     node_7 (Climate justice youth organiser (Debnath climate-action variant)): 4 message(s)

[Simulation] === Propagating: chemtrails_gates_2018_2021 ===
[Simulation]   Tick 1/8
[Simulation]     node_0 (Geoengineering Conspiracy Believer (Debnath chemtrails cluster)): 1 message(s)
[Simulation]   Tick 2/8
[Simulation]     node_2 (Geoengineering Conspiracy Believer (Debnath chemtrails cluster)): 1 message(s)
[Simulation]     node_4 (Geoengineering Conspiracy Believer (Debnath chemtrails cluster)): 1 message(s)
[Simulation]     node_6 (Geoengineering Conspiracy Believer (Debnath chemtrails cluster)): 1 message(s)
[Simulation]   Tick 3/8
[Simulation]     node_0 (Geoengineering Conspiracy Believer (Debnath chemtrails cluster)): 3 message(s)
[Simulation]     node_1 (Mitigation-first policy analyst (Debnath climate-action / SRM-governance)): 1 message(s)
[Simulation]     node_2 (Geoengineering Conspiracy Believer (Debnath chemtrails cluster)): 2 message(s)
[Simulation]     node_4 (Geoengineering Conspiracy Believer (Debnath chemtrails cluster)): 2 message(s)
[Simulation]     node_5 (Climate scientist (expert voice for heterogeneous mix)): 1 message(s)
[Simulation]     node_6 (Geoengineering Conspiracy Believer (Debnath chemtrails cluster)): 1 message(s)
[Simulation]   Tick 4/8
[Simulation]     node_0 (Geoengineering Conspiracy Believer (Debnath chemtrails cluster)): 4 message(s)
[Simulation]     node_1 (Mitigation-first policy analyst (Debnath climate-action / SRM-governance)): 1 message(s)
[Simulation]     node_2 (Geoengineering Conspiracy Believer (Debnath chemtrails cluster)): 4 message(s)
[Simulation]     node_3 (Ozone / stratosphere concern voice (Debnath ozone neighbour)): 1 message(s)
[Simulation]     node_4 (Geoengineering Conspiracy Believer (Debnath chemtrails cluster)): 4 message(s)
[Simulation]     node_5 (Climate scientist (expert voice for heterogeneous mix)): 2 message(s)
[Simulation]     node_6 (Geoengineering Conspiracy Believer (Debnath chemtrails cluster)): 4 message(s)
[Simulation]     node_7 (Climate justice youth organiser (Debnath climate-action variant)): 1 message(s)
[Simulation]   Tick 5/8
[Simulation]     node_0 (Geoengineering Conspiracy Believer (Debnath chemtrails cluster)): 4 message(s)
[Simulation]     node_1 (Mitigation-first policy analyst (Debnath climate-action / SRM-governance)): 4 message(s)
[Simulation]     node_2 (Geoengineering Conspiracy Believer (Debnath chemtrails cluster)): 4 message(s)
[Simulation]     node_3 (Ozone / stratosphere concern voice (Debnath ozone neighbour)): 2 message(s)
[Simulation]     node_4 (Geoengineering Conspiracy Believer (Debnath chemtrails cluster)): 4 message(s)
[Simulation]     node_5 (Climate scientist (expert voice for heterogeneous mix)): 4 message(s)
[Simulation]     node_6 (Geoengineering Conspiracy Believer (Debnath chemtrails cluster)): 4 message(s)
[Simulation]     node_7 (Climate justice youth organiser (Debnath climate-action variant)): 1 message(s)
[Simulation]   Tick 6/8
[Simulation]     node_0 (Geoengineering Conspiracy Believer (Debnath chemtrails cluster)): 4 message(s)
[Simulation]     node_1 (Mitigation-first policy analyst (Debnath climate-action / SRM-governance)): 4 message(s)
[Simulation]     node_2 (Geoengineering Conspiracy Believer (Debnath chemtrails cluster)): 4 message(s)
[Simulation]     node_3 (Ozone / stratosphere concern voice (Debnath ozone neighbour)): 4 message(s)
[Simulation]     node_4 (Geoengineering Conspiracy Believer (Debnath chemtrails cluster)): 4 message(s)
[Simulation]     node_5 (Climate scientist (expert voice for heterogeneous mix)): 4 message(s)
[Simulation]     node_6 (Geoengineering Conspiracy Believer (Debnath chemtrails cluster)): 4 message(s)
[Simulation]     node_7 (Climate justice youth organiser (Debnath climate-action variant)): 4 message(s)
[Simulation]   Tick 7/8
[Simulation]     node_0 (Geoengineering Conspiracy Believer (Debnath chemtrails cluster)): 4 message(s)
[Simulation]     node_1 (Mitigation-first policy analyst (Debnath climate-action / SRM-governance)): 4 message(s)
[Simulation]     node_2 (Geoengineering Conspiracy Believer (Debnath chemtrails cluster)): 4 message(s)
[Simulation]     node_3 (Ozone / stratosphere concern voice (Debnath ozone neighbour)): 4 message(s)
[Simulation]     node_4 (Geoengineering Conspiracy Believer (Debnath chemtrails cluster)): 4 message(s)
[Simulation]     node_5 (Climate scientist (expert voice for heterogeneous mix)): 4 message(s)
[Simulation]     node_6 (Geoengineering Conspiracy Believer (Debnath chemtrails cluster)): 4 message(s)
[Simulation]     node_7 (Climate justice youth organiser (Debnath climate-action variant)): 3 message(s)
[Simulation]   Tick 8/8
[Simulation]     node_0 (Geoengineering Conspiracy Believer (Debnath chemtrails cluster)): 4 message(s)
[Simulation]     node_1 (Mitigation-first policy analyst (Debnath climate-action / SRM-governance)): 4 message(s)
[Simulation]     node_2 (Geoengineering Conspiracy Believer (Debnath chemtrails cluster)): 4 message(s)
[Simulation]     node_3 (Ozone / stratosphere concern voice (Debnath ozone neighbour)): 4 message(s)
[Simulation]     node_4 (Geoengineering Conspiracy Believer (Debnath chemtrails cluster)): 4 message(s)
[Simulation]     node_5 (Climate scientist (expert voice for heterogeneous mix)): 4 message(s)
[Simulation]     node_6 (Geoengineering Conspiracy Believer (Debnath chemtrails cluster)): 4 message(s)
[Simulation]     node_7 (Climate justice youth organiser (Debnath climate-action variant)): 4 message(s)

[Simulation] === Propagating: sai_geoengineering ===
[Simulation]   Tick 1/8
[Simulation]     node_0 (Geoengineering Conspiracy Believer (Debnath chemtrails cluster)): 1 message(s)
[Simulation]   Tick 2/8
[Simulation]     node_2 (Geoengineering Conspiracy Believer (Debnath chemtrails cluster)): 1 message(s)
[Simulation]     node_4 (Geoengineering Conspiracy Believer (Debnath chemtrails cluster)): 1 message(s)
[Simulation]     node_6 (Geoengineering Conspiracy Believer (Debnath chemtrails cluster)): 1 message(s)
[Simulation]   Tick 3/8
[Simulation]     node_0 (Geoengineering Conspiracy Believer (Debnath chemtrails cluster)): 2 message(s)
[Simulation]     node_1 (Mitigation-first policy analyst (Debnath climate-action / SRM-governance)): 1 message(s)
[Simulation]     node_2 (Geoengineering Conspiracy Believer (Debnath chemtrails cluster)): 2 message(s)
[Simulation]     node_4 (Geoengineering Conspiracy Believer (Debnath chemtrails cluster)): 1 message(s)
[Simulation]   Tick 4/8
[Simulation]     node_0 (Geoengineering Conspiracy Believer (Debnath chemtrails cluster)): 3 message(s)
[Simulation]     node_1 (Mitigation-first policy analyst (Debnath climate-action / SRM-governance)): 1 message(s)
[Simulation]     node_2 (Geoengineering Conspiracy Believer (Debnath chemtrails cluster)): 3 message(s)
[Simulation]     node_4 (Geoengineering Conspiracy Believer (Debnath chemtrails cluster)): 4 message(s)
[Simulation]     node_5 (Climate scientist (expert voice for heterogeneous mix)): 2 message(s)
[Simulation]     node_6 (Geoengineering Conspiracy Believer (Debnath chemtrails cluster)): 4 message(s)
[Simulation]   Tick 5/8
[Simulation]     node_0 (Geoengineering Conspiracy Believer (Debnath chemtrails cluster)): 4 message(s)
[Simulation]     node_1 (Mitigation-first policy analyst (Debnath climate-action / SRM-governance)): 4 message(s)
[Simulation]     node_2 (Geoengineering Conspiracy Believer (Debnath chemtrails cluster)): 4 message(s)
[Simulation]     node_3 (Ozone / stratosphere concern voice (Debnath ozone neighbour)): 1 message(s)
[Simulation]     node_4 (Geoengineering Conspiracy Believer (Debnath chemtrails cluster)): 4 message(s)
[Simulation]     node_5 (Climate scientist (expert voice for heterogeneous mix)): 3 message(s)
[Simulation]     node_6 (Geoengineering Conspiracy Believer (Debnath chemtrails cluster)): 4 message(s)
[Simulation]     node_7 (Climate justice youth organiser (Debnath climate-action variant)): 1 message(s)
[Simulation]   Tick 6/8
[Simulation]     node_0 (Geoengineering Conspiracy Believer (Debnath chemtrails cluster)): 4 message(s)
[Simulation]     node_1 (Mitigation-first policy analyst (Debnath climate-action / SRM-governance)): 4 message(s)
[Simulation]     node_2 (Geoengineering Conspiracy Believer (Debnath chemtrails cluster)): 4 message(s)
[Simulation]     node_3 (Ozone / stratosphere concern voice (Debnath ozone neighbour)): 4 message(s)
[Simulation]     node_4 (Geoengineering Conspiracy Believer (Debnath chemtrails cluster)): 4 message(s)
[Simulation]     node_5 (Climate scientist (expert voice for heterogeneous mix)): 4 message(s)
[Simulation]     node_6 (Geoengineering Conspiracy Believer (Debnath chemtrails cluster)): 4 message(s)
[Simulation]     node_7 (Climate justice youth organiser (Debnath climate-action variant)): 4 message(s)
[Simulation]   Tick 7/8
[Simulation]     node_0 (Geoengineering Conspiracy Believer (Debnath chemtrails cluster)): 4 message(s)
[Simulation]     node_1 (Mitigation-first policy analyst (Debnath climate-action / SRM-governance)): 4 message(s)
