
=== 2026-09-19T02:57:27.300Z  node index.js --config thesisExperiment/configs/phase2/T2c_H_ring_environmental_concern.json
Loaded run config from: thesisExperiment/configs/phase2/T2c_H_ring_environmental_concern.json

[Simulation] Experiment: T2c_H_ring_environmental_concern_2026-09-19_02-57-27
[Simulation] Dir: /workspace/thesisExperiment/runs_phase2/T2c_H_ring_environmental_concern_2026-09-19_02-57-27


[Simulation] === Propagating: scopex_2017 ===
[Simulation]   Tick 1/8
[Simulation]     node_0 (Environmental Concern Specialist (Debnath ozone/biodiversity stream)): 1 message(s)
[Simulation]   No propagation at tick 1, stopping.

[Simulation] === Propagating: chemtrails_gates_2018_2021 ===
[Simulation]   Tick 1/8
[Simulation]     node_0 (Environmental Concern Specialist (Debnath ozone/biodiversity stream)): 1 message(s)
[Simulation]   Tick 2/8
[Simulation]     node_1 (Environmental Concern Specialist (Debnath ozone/biodiversity stream)): 1 message(s)
[Simulation]   Tick 3/8
[Simulation]     node_2 (Environmental Concern Specialist (Debnath ozone/biodiversity stream)): 1 message(s)
[Simulation]   Tick 4/8
[Simulation]     node_3 (Environmental Concern Specialist (Debnath ozone/biodiversity stream)): 1 message(s)
[Simulation]   Tick 5/8
[Simulation]     node_4 (Environmental Concern Specialist (Debnath ozone/biodiversity stream)): 1 message(s)
[Simulation]   Tick 6/8
[Simulation]     node_5 (Environmental Concern Specialist (Debnath ozone/biodiversity stream)): 1 message(s)
[Simulation]   Tick 7/8
[Simulation]     node_6 (Environmental Concern Specialist (Debnath ozone/biodiversity stream)): 1 message(s)
[Simulation]   Tick 8/8
[Simulation]     node_7 (Environmental Concern Specialist (Debnath ozone/biodiversity stream)): 1 message(s)

[Simulation] === Propagating: sai_geoengineering ===
[Simulation]   Tick 1/8
[Simulation]     node_0 (Environmental Concern Specialist (Debnath ozone/biodiversity stream)): 1 message(s)
[Simulation]   Tick 2/8
[Simulation]     node_1 (Environmental Concern Specialist (Debnath ozone/biodiversity stream)): 1 message(s)
[Simulation]   Tick 3/8
[Simulation]     node_2 (Environmental Concern Specialist (Debnath ozone/biodiversity stream)): 1 message(s)
[Simulation]   Tick 4/8
[Simulation]     node_3 (Environmental Concern Specialist (Debnath ozone/biodiversity stream)): 1 message(s)
[Simulation]   Tick 5/8
[Simulation]     node_4 (Environmental Concern Specialist (Debnath ozone/biodiversity stream)): 1 message(s)
[Simulation]   Tick 6/8
[Simulation]     node_5 (Environmental Concern Specialist (Debnath ozone/biodiversity stream)): 1 message(s)
[Simulation]   Tick 7/8
[Simulation]     node_6 (Environmental Concern Specialist (Debnath ozone/biodiversity stream)): 1 message(s)
[Simulation]   Tick 8/8
[Simulation]     node_7 (Environmental Concern Specialist (Debnath ozone/biodiversity stream)): 1 message(s)

[Simulation] === Propagating: paris_agreement ===
[Simulation]   Tick 1/8
[Simulation]     node_0 (Environmental Concern Specialist (Debnath ozone/biodiversity stream)): 1 message(s)
[Simulation]   Tick 2/8
[Simulation]     node_1 (Environmental Concern Specialist (Debnath ozone/biodiversity stream)): 1 message(s)
[Simulation]   Tick 3/8
[Simulation]     node_2 (Environmental Concern Specialist (Debnath ozone/biodiversity stream)): 1 message(s)
[Simulation]   Tick 4/8
[Simulation]     node_3 (Environmental Concern Specialist (Debnath ozone/biodiversity stream)): 1 message(s)
[Simulation]   Tick 5/8
[Simulation]     node_4 (Environmental Concern Specialist (Debnath ozone/biodiversity stream)): 1 message(s)
[Simulation]   Tick 6/8
[Simulation]     node_5 (Environmental Concern Specialist (Debnath ozone/biodiversity stream)): 1 message(s)
[Simulation]   Tick 7/8
[Simulation]     node_6 (Environmental Concern Specialist (Debnath ozone/biodiversity stream)): 1 message(s)
[Simulation]   Tick 8/8
[Simulation]     node_7 (Environmental Concern Specialist (Debnath ozone/biodiversity stream)): 1 message(s)

[Simulation] === Propagating: climate_consensus ===
[Simulation]   Tick 1/8
[Simulation]     node_0 (Environmental Concern Specialist (Debnath ozone/biodiversity stream)): 1 message(s)
[Simulation]   Tick 2/8
[Simulation]     node_1 (Environmental Concern Specialist (Debnath ozone/biodiversity stream)): 1 message(s)
[Simulation]   Tick 3/8
[Simulation]     node_2 (Environmental Concern Specialist (Debnath ozone/biodiversity stream)): 1 message(s)
[Simulation]   Tick 4/8
[Simulation]     node_3 (Environmental Concern Specialist (Debnath ozone/biodiversity stream)): 1 message(s)
[Simulation]   Tick 5/8
[Simulation]     node_4 (Environmental Concern Specialist (Debnath ozone/biodiversity stream)): 1 message(s)
[Simulation]   Tick 6/8
[Simulation]     node_5 (Environmental Concern Specialist (Debnath ozone/biodiversity stream)): 1 message(s)
[Simulation]   Tick 7/8
[Simulation]     node_6 (Environmental Concern Specialist (Debnath ozone/biodiversity stream)): 1 message(s)
[Simulation]   Tick 8/8
[Simulation]     node_7 (Environmental Concern Specialist (Debnath ozone/biodiversity stream)): 1 message(s)

[Simulation] === Propagating: polar_bears ===
[Simulation]   Tick 1/8
[Simulation]     node_0 (Environmental Concern Specialist (Debnath ozone/biodiversity stream)): 1 message(s)
[Simulation]   Tick 2/8
[Simulation]     node_1 (Environmental Concern Specialist (Debnath ozone/biodiversity stream)): 1 message(s)
[Simulation]   Tick 3/8
[Simulation]     node_2 (Environmental Concern Specialist (Debnath ozone/biodiversity stream)): 1 message(s)
[Simulation]   Tick 4/8
[Simulation]     node_3 (Environmental Concern Specialist (Debnath ozone/biodiversity stream)): 1 message(s)
[Simulation]   Tick 5/8
[Simulation]     node_4 (Environmental Concern Specialist (Debnath ozone/biodiversity stream)): 1 message(s)
[Simulation]   Tick 6/8
[Simulation]     node_5 (Environmental Concern Specialist (Debnath ozone/biodiversity stream)): 1 message(s)
[Simulation]   Tick 7/8
[Simulation]     node_6 (Environmental Concern Specialist (Debnath ozone/biodiversity stream)): 1 message(s)
[Simulation]   Tick 8/8
[Simulation]     node_7 (Environmental Concern Specialist (Debnath ozone/biodiversity stream)): 1 message(s)

[Simulation] === Auditing: scopex_2017 ===
[Simulation]   Scoring node_0
[Simulation]   Scoring node_1
[Simulation]   Scoring node_2
[Simulation]   Scoring node_3
[Simulation]   Scoring node_4
[Simulation]   Scoring node_5
[Simulation]   Scoring node_6
[Simulation]   Scoring node_7

[Simulation] === Auditing: chemtrails_gates_2018_2021 ===
[Simulation]   Scoring node_0
[Simulation]   Scoring node_1
[Simulation]   Scoring node_2
[Simulation]   Scoring node_3
[Simulation]   Scoring node_4
[Simulation]   Scoring node_5
[Simulation]   Scoring node_6

=== 2026-09-19T02:58:51.853Z  node index.js --config thesisExperiment/configs/phase2/T2c_H_ring_environmental_concern.json
Loaded run config from: thesisExperiment/configs/phase2/T2c_H_ring_environmental_concern.json

[Simulation] Experiment: T2c_H_ring_environmental_concern_2026-09-19_02-58-51
[Simulation] Dir: /workspace/thesisExperiment/runs_phase2/T2c_H_ring_environmental_concern_2026-09-19_02-58-51


[Simulation] === Propagating: scopex_2017 ===
[Simulation]   Tick 1/8
[Simulation]     node_0 (Environmental Concern Specialist (Debnath ozone/biodiversity stream)): 1 message(s)
[Simulation]   Scoring node_7

[Simulation] === Auditing: sai_geoengineering ===
[Simulation]   Scoring node_0
[Simulation]   Scoring node_1
[Simulation]   Scoring node_2
[Simulation]   Tick 2/8
[Simulation]     node_1 (Environmental Concern Specialist (Debnath ozone/biodiversity stream)): 1 message(s)
[Simulation]   Scoring node_3
[Simulation]   Scoring node_4
[Simulation]   Scoring node_5
[Simulation]   Tick 3/8
[Simulation]     node_2 (Environmental Concern Specialist (Debnath ozone/biodiversity stream)): 1 message(s)
[Simulation]   Scoring node_6
[Simulation]   Scoring node_7

[Simulation] === Auditing: paris_agreement ===
[Simulation]   Scoring node_0
[Simulation]   Tick 4/8
[Simulation]     node_3 (Environmental Concern Specialist (Debnath ozone/biodiversity stream)): 1 message(s)
