
=== 2026-09-19T02:55:13.337Z  node index.js --config thesisExperiment/configs/phase2/T2c_He_random_er_mix_03.json
Loaded run config from: thesisExperiment/configs/phase2/T2c_He_random_er_mix_03.json

[Simulation] Experiment: T2c_He_random_er_mix_03_2026-09-19_02-55-13
[Simulation] Dir: /workspace/thesisExperiment/runs_phase2/T2c_He_random_er_mix_03_2026-09-19_02-55-13


[Simulation] === Propagating: scopex_2017 ===
[Simulation]   Tick 1/8
[Simulation]     node_0 (Mitigation-first policy analyst (Debnath climate-action / SRM-governance)): 1 message(s)
[Simulation]   Tick 2/8
[Simulation]     node_1 (Platform moderator (Debnath Perspective-toxicity analogue)): 1 message(s)
[Simulation]     node_5 (Climate scientist (expert voice for heterogeneous mix)): 1 message(s)
[Simulation]     node_7 (Climate justice youth organiser (Debnath climate-action variant)): 1 message(s)
[Simulation]   Tick 3/8
[Simulation]     node_0 (Mitigation-first policy analyst (Debnath climate-action / SRM-governance)): 1 message(s)
[Simulation]     node_3 (Swedish SCoPEx climate-action protester (Debnath Sweden / HOME case)): 3 message(s)
[Simulation]     node_5 (Climate scientist (expert voice for heterogeneous mix)): 1 message(s)
[Simulation]     node_6 (Geoengineering Conspiracy Believer (Debnath chemtrails cluster)): 1 message(s)
[Simulation]   Tick 4/8
[Simulation]     node_0 (Mitigation-first policy analyst (Debnath climate-action / SRM-governance)): 4 message(s)
[Simulation]     node_1 (Platform moderator (Debnath Perspective-toxicity analogue)): 4 message(s)
[Simulation]     node_3 (Swedish SCoPEx climate-action protester (Debnath Sweden / HOME case)): 1 message(s)
[Simulation]     node_5 (Climate scientist (expert voice for heterogeneous mix)): 4 message(s)
[Simulation]     node_7 (Climate justice youth organiser (Debnath climate-action variant)): 4 message(s)
[Simulation]   Tick 5/8
[Simulation]     node_0 (Mitigation-first policy analyst (Debnath climate-action / SRM-governance)): 4 message(s)
[Simulation]     node_1 (Platform moderator (Debnath Perspective-toxicity analogue)): 4 message(s)
[Simulation]     node_3 (Swedish SCoPEx climate-action protester (Debnath Sweden / HOME case)): 4 message(s)
[Simulation]     node_5 (Climate scientist (expert voice for heterogeneous mix)): 4 message(s)
[Simulation]     node_6 (Geoengineering Conspiracy Believer (Debnath chemtrails cluster)): 3 message(s)
[Simulation]     node_7 (Climate justice youth organiser (Debnath climate-action variant)): 4 message(s)
[Simulation]   Tick 6/8
[Simulation]     node_0 (Mitigation-first policy analyst (Debnath climate-action / SRM-governance)): 4 message(s)
[Simulation]     node_1 (Platform moderator (Debnath Perspective-toxicity analogue)): 4 message(s)
[Simulation]     node_3 (Swedish SCoPEx climate-action protester (Debnath Sweden / HOME case)): 4 message(s)
[Simulation]     node_5 (Climate scientist (expert voice for heterogeneous mix)): 4 message(s)
[Simulation]     node_6 (Geoengineering Conspiracy Believer (Debnath chemtrails cluster)): 3 message(s)
[Simulation]     node_7 (Climate justice youth organiser (Debnath climate-action variant)): 4 message(s)
[Simulation]   Tick 7/8
[Simulation]     node_0 (Mitigation-first policy analyst (Debnath climate-action / SRM-governance)): 4 message(s)
[Simulation]     node_1 (Platform moderator (Debnath Perspective-toxicity analogue)): 4 message(s)
[Simulation]     node_3 (Swedish SCoPEx climate-action protester (Debnath Sweden / HOME case)): 4 message(s)
[Simulation]     node_5 (Climate scientist (expert voice for heterogeneous mix)): 4 message(s)
[Simulation]     node_6 (Geoengineering Conspiracy Believer (Debnath chemtrails cluster)): 4 message(s)
[Simulation]     node_7 (Climate justice youth organiser (Debnath climate-action variant)): 4 message(s)
[Simulation]   Tick 8/8
[Simulation]     node_0 (Mitigation-first policy analyst (Debnath climate-action / SRM-governance)): 4 message(s)
[Simulation]     node_1 (Platform moderator (Debnath Perspective-toxicity analogue)): 4 message(s)
[Simulation]     node_3 (Swedish SCoPEx climate-action protester (Debnath Sweden / HOME case)): 4 message(s)
[Simulation]     node_5 (Climate scientist (expert voice for heterogeneous mix)): 4 message(s)
[Simulation]     node_6 (Geoengineering Conspiracy Believer (Debnath chemtrails cluster)): 3 message(s)
[Simulation]     node_7 (Climate justice youth organiser (Debnath climate-action variant)): 4 message(s)

[Simulation] === Propagating: chemtrails_gates_2018_2021 ===
[Simulation]   Tick 1/8
[Simulation]     node_0 (Mitigation-first policy analyst (Debnath climate-action / SRM-governance)): 1 message(s)
[Simulation]   Tick 2/8
[Simulation]     node_1 (Platform moderator (Debnath Perspective-toxicity analogue)): 1 message(s)
[Simulation]     node_5 (Climate scientist (expert voice for heterogeneous mix)): 1 message(s)
[Simulation]     node_7 (Climate justice youth organiser (Debnath climate-action variant)): 1 message(s)
[Simulation]   Tick 3/8
[Simulation]     node_0 (Mitigation-first policy analyst (Debnath climate-action / SRM-governance)): 1 message(s)
[Simulation]     node_3 (Swedish SCoPEx climate-action protester (Debnath Sweden / HOME case)): 3 message(s)
[Simulation]     node_5 (Climate scientist (expert voice for heterogeneous mix)): 1 message(s)
[Simulation]     node_6 (Geoengineering Conspiracy Believer (Debnath chemtrails cluster)): 1 message(s)
[Simulation]   Tick 4/8
[Simulation]     node_0 (Mitigation-first policy analyst (Debnath climate-action / SRM-governance)): 4 message(s)
[Simulation]     node_1 (Platform moderator (Debnath Perspective-toxicity analogue)): 4 message(s)
[Simulation]     node_3 (Swedish SCoPEx climate-action protester (Debnath Sweden / HOME case)): 2 message(s)
[Simulation]     node_5 (Climate scientist (expert voice for heterogeneous mix)): 4 message(s)
[Simulation]     node_7 (Climate justice youth organiser (Debnath climate-action variant)): 4 message(s)
[Simulation]   Tick 5/8
[Simulation]     node_0 (Mitigation-first policy analyst (Debnath climate-action / SRM-governance)): 4 message(s)
[Simulation]     node_1 (Platform moderator (Debnath Perspective-toxicity analogue)): 4 message(s)
[Simulation]     node_3 (Swedish SCoPEx climate-action protester (Debnath Sweden / HOME case)): 4 message(s)
[Simulation]     node_5 (Climate scientist (expert voice for heterogeneous mix)): 4 message(s)
[Simulation]     node_6 (Geoengineering Conspiracy Believer (Debnath chemtrails cluster)): 3 message(s)
[Simulation]     node_7 (Climate justice youth organiser (Debnath climate-action variant)): 4 message(s)
[Simulation]   Tick 6/8
[Simulation]     node_0 (Mitigation-first policy analyst (Debnath climate-action / SRM-governance)): 4 message(s)
[Simulation]     node_1 (Platform moderator (Debnath Perspective-toxicity analogue)): 4 message(s)
[Simulation]     node_3 (Swedish SCoPEx climate-action protester (Debnath Sweden / HOME case)): 4 message(s)
[Simulation]     node_5 (Climate scientist (expert voice for heterogeneous mix)): 4 message(s)
[Simulation]     node_6 (Geoengineering Conspiracy Believer (Debnath chemtrails cluster)): 3 message(s)
[Simulation]     node_7 (Climate justice youth organiser (Debnath climate-action variant)): 4 message(s)
[Simulation]   Tick 7/8
[Simulation]     node_0 (Mitigation-first policy analyst (Debnath climate-action / SRM-governance)): 4 message(s)
[Simulation]     node_1 (Platform moderator (Debnath Perspective-toxicity analogue)): 4 message(s)
[Simulation]     node_3 (Swedish SCoPEx climate-action protester (Debnath Sweden / HOME case)): 4 message(s)
[Simulation]     node_5 (Climate scientist (expert voice for heterogeneous mix)): 4 message(s)
[Simulation]     node_6 (Geoengineering Conspiracy Believer (Debnath chemtrails cluster)): 2 message(s)
[Simulation]     node_7 (Climate justice youth organiser (Debnath climate-action variant)): 4 message(s)
