
=== 2026-09-19T03:18:01.070Z  node index.js --config thesisExperiment/configs/phase2/T2c_He_small_world_mix_00.json
Loaded run config from: thesisExperiment/configs/phase2/T2c_He_small_world_mix_00.json

[Simulation] Experiment: T2c_He_small_world_mix_00_2026-09-19_03-18-01
[Simulation] Dir: /workspace/thesisExperiment/runs_phase2/T2c_He_small_world_mix_00_2026-09-19_03-18-01


[Simulation] === Propagating: scopex_2017 ===
[Simulation]   Tick 1/8
[Simulation]     node_0 (Geoengineering Conspiracy Believer (Debnath chemtrails cluster)): 1 message(s)
[Simulation]   No propagation at tick 1, stopping.

[Simulation] === Propagating: chemtrails_gates_2018_2021 ===
[Simulation]   Tick 1/8
[Simulation]     node_0 (Geoengineering Conspiracy Believer (Debnath chemtrails cluster)): 1 message(s)
[Simulation]   Tick 2/8
[Simulation]     node_1 (HAARP / weather-warfare believer (Debnath chemtrails neighbour terms)): 1 message(s)
[Simulation]     node_2 (Depopulation / Gates-target believer (Debnath 2018–2021 broadening)): 1 message(s)
[Simulation]     node_6 (Mitigation-first policy analyst (Debnath climate-action / SRM-governance)): 1 message(s)
[Simulation]     node_7 (Environmental Concern Specialist (Debnath ozone/biodiversity stream)): 1 message(s)
[Simulation]   Tick 3/8
[Simulation]     node_0 (Geoengineering Conspiracy Believer (Debnath chemtrails cluster)): 4 message(s)
[Simulation]     node_1 (HAARP / weather-warfare believer (Debnath chemtrails neighbour terms)): 1 message(s)
[Simulation]     node_2 (Depopulation / Gates-target believer (Debnath 2018–2021 broadening)): 1 message(s)
[Simulation]     node_3 (Climate-action piggyback conspiracist (Debnath hijack stream)): 2 message(s)
[Simulation]     node_4 (Climate Action Advocate (Debnath non-conspiracy stream)): 2 message(s)
[Simulation]     node_5 (Climate justice youth organiser (Debnath climate-action variant)): 2 message(s)
[Simulation]     node_6 (Mitigation-first policy analyst (Debnath climate-action / SRM-governance)): 1 message(s)
[Simulation]     node_7 (Environmental Concern Specialist (Debnath ozone/biodiversity stream)): 2 message(s)
[Simulation]   Tick 4/8
[Simulation]     node_0 (Geoengineering Conspiracy Believer (Debnath chemtrails cluster)): 4 message(s)
[Simulation]     node_1 (HAARP / weather-warfare believer (Debnath chemtrails neighbour terms)): 4 message(s)
[Simulation]     node_2 (Depopulation / Gates-target believer (Debnath 2018–2021 broadening)): 4 message(s)
[Simulation]     node_3 (Climate-action piggyback conspiracist (Debnath hijack stream)): 4 message(s)
[Simulation]     node_4 (Climate Action Advocate (Debnath non-conspiracy stream)): 4 message(s)
[Simulation]     node_5 (Climate justice youth organiser (Debnath climate-action variant)): 4 message(s)
[Simulation]     node_6 (Mitigation-first policy analyst (Debnath climate-action / SRM-governance)): 4 message(s)
[Simulation]     node_7 (Environmental Concern Specialist (Debnath ozone/biodiversity stream)): 4 message(s)
[Simulation]   Tick 5/8
[Simulation]     node_0 (Geoengineering Conspiracy Believer (Debnath chemtrails cluster)): 4 message(s)
[Simulation]     node_1 (HAARP / weather-warfare believer (Debnath chemtrails neighbour terms)): 4 message(s)
[Simulation]     node_2 (Depopulation / Gates-target believer (Debnath 2018–2021 broadening)): 4 message(s)
[Simulation]     node_3 (Climate-action piggyback conspiracist (Debnath hijack stream)): 4 message(s)
[Simulation]     node_4 (Climate Action Advocate (Debnath non-conspiracy stream)): 4 message(s)
[Simulation]     node_5 (Climate justice youth organiser (Debnath climate-action variant)): 4 message(s)
[Simulation]     node_6 (Mitigation-first policy analyst (Debnath climate-action / SRM-governance)): 4 message(s)
[Simulation]     node_7 (Environmental Concern Specialist (Debnath ozone/biodiversity stream)): 4 message(s)
[Simulation]   Tick 6/8
[Simulation]     node_0 (Geoengineering Conspiracy Believer (Debnath chemtrails cluster)): 4 message(s)
[Simulation]     node_1 (HAARP / weather-warfare believer (Debnath chemtrails neighbour terms)): 4 message(s)
[Simulation]     node_2 (Depopulation / Gates-target believer (Debnath 2018–2021 broadening)): 4 message(s)
[Simulation]     node_3 (Climate-action piggyback conspiracist (Debnath hijack stream)): 4 message(s)
[Simulation]     node_4 (Climate Action Advocate (Debnath non-conspiracy stream)): 4 message(s)
[Simulation]     node_5 (Climate justice youth organiser (Debnath climate-action variant)): 4 message(s)
[Simulation]     node_6 (Mitigation-first policy analyst (Debnath climate-action / SRM-governance)): 4 message(s)
[Simulation]     node_7 (Environmental Concern Specialist (Debnath ozone/biodiversity stream)): 4 message(s)
[Simulation]   Tick 7/8
[Simulation]     node_0 (Geoengineering Conspiracy Believer (Debnath chemtrails cluster)): 4 message(s)
[Simulation]     node_1 (HAARP / weather-warfare believer (Debnath chemtrails neighbour terms)): 4 message(s)
[Simulation]     node_2 (Depopulation / Gates-target believer (Debnath 2018–2021 broadening)): 4 message(s)
[Simulation]     node_3 (Climate-action piggyback conspiracist (Debnath hijack stream)): 4 message(s)
[Simulation]     node_4 (Climate Action Advocate (Debnath non-conspiracy stream)): 4 message(s)
[Simulation]     node_5 (Climate justice youth organiser (Debnath climate-action variant)): 4 message(s)
[Simulation]     node_6 (Mitigation-first policy analyst (Debnath climate-action / SRM-governance)): 4 message(s)
[Simulation]     node_7 (Environmental Concern Specialist (Debnath ozone/biodiversity stream)): 4 message(s)
[Simulation]   Tick 8/8
[Simulation]     node_0 (Geoengineering Conspiracy Believer (Debnath chemtrails cluster)): 4 message(s)
[Simulation]     node_1 (HAARP / weather-warfare believer (Debnath chemtrails neighbour terms)): 4 message(s)
[Simulation]     node_2 (Depopulation / Gates-target believer (Debnath 2018–2021 broadening)): 4 message(s)
[Simulation]     node_3 (Climate-action piggyback conspiracist (Debnath hijack stream)): 4 message(s)
[Simulation]     node_4 (Climate Action Advocate (Debnath non-conspiracy stream)): 4 message(s)
[Simulation]     node_5 (Climate justice youth organiser (Debnath climate-action variant)): 4 message(s)
[Simulation]     node_6 (Mitigation-first policy analyst (Debnath climate-action / SRM-governance)): 4 message(s)
[Simulation]     node_7 (Environmental Concern Specialist (Debnath ozone/biodiversity stream)): 4 message(s)

[Simulation] === Propagating: sai_geoengineering ===
[Simulation]   Tick 1/8
[Simulation]     node_0 (Geoengineering Conspiracy Believer (Debnath chemtrails cluster)): 1 message(s)
[Simulation]   Tick 2/8
[Simulation]     node_1 (HAARP / weather-warfare believer (Debnath chemtrails neighbour terms)): 1 message(s)
[Simulation]     node_2 (Depopulation / Gates-target believer (Debnath 2018–2021 broadening)): 1 message(s)
[Simulation]     node_6 (Mitigation-first policy analyst (Debnath climate-action / SRM-governance)): 1 message(s)
[Simulation]     node_7 (Environmental Concern Specialist (Debnath ozone/biodiversity stream)): 1 message(s)
[Simulation]   Tick 3/8
[Simulation]     node_0 (Geoengineering Conspiracy Believer (Debnath chemtrails cluster)): 4 message(s)
[Simulation]     node_1 (HAARP / weather-warfare believer (Debnath chemtrails neighbour terms)): 1 message(s)
[Simulation]     node_2 (Depopulation / Gates-target believer (Debnath 2018–2021 broadening)): 1 message(s)
[Simulation]     node_3 (Climate-action piggyback conspiracist (Debnath hijack stream)): 2 message(s)
[Simulation]     node_4 (Climate Action Advocate (Debnath non-conspiracy stream)): 2 message(s)
[Simulation]     node_5 (Climate justice youth organiser (Debnath climate-action variant)): 2 message(s)
[Simulation]     node_6 (Mitigation-first policy analyst (Debnath climate-action / SRM-governance)): 1 message(s)
[Simulation]     node_7 (Environmental Concern Specialist (Debnath ozone/biodiversity stream)): 2 message(s)
[Simulation]   Tick 4/8
[Simulation]     node_0 (Geoengineering Conspiracy Believer (Debnath chemtrails cluster)): 3 message(s)
[Simulation]     node_1 (HAARP / weather-warfare believer (Debnath chemtrails neighbour terms)): 4 message(s)
[Simulation]     node_2 (Depopulation / Gates-target believer (Debnath 2018–2021 broadening)): 4 message(s)
[Simulation]     node_3 (Climate-action piggyback conspiracist (Debnath hijack stream)): 4 message(s)
[Simulation]     node_4 (Climate Action Advocate (Debnath non-conspiracy stream)): 4 message(s)
[Simulation]     node_5 (Climate justice youth organiser (Debnath climate-action variant)): 4 message(s)
[Simulation]     node_6 (Mitigation-first policy analyst (Debnath climate-action / SRM-governance)): 4 message(s)
[Simulation]     node_7 (Environmental Concern Specialist (Debnath ozone/biodiversity stream)): 4 message(s)
[Simulation]   Tick 5/8
[Simulation]     node_0 (Geoengineering Conspiracy Believer (Debnath chemtrails cluster)): 4 message(s)
[Simulation]     node_1 (HAARP / weather-warfare believer (Debnath chemtrails neighbour terms)): 4 message(s)
[Simulation]     node_2 (Depopulation / Gates-target believer (Debnath 2018–2021 broadening)): 4 message(s)
[Simulation]     node_3 (Climate-action piggyback conspiracist (Debnath hijack stream)): 4 message(s)
[Simulation]     node_4 (Climate Action Advocate (Debnath non-conspiracy stream)): 4 message(s)
[Simulation]     node_5 (Climate justice youth organiser (Debnath climate-action variant)): 4 message(s)
[Simulation]     node_6 (Mitigation-first policy analyst (Debnath climate-action / SRM-governance)): 4 message(s)
[Simulation]     node_7 (Environmental Concern Specialist (Debnath ozone/biodiversity stream)): 4 message(s)
[Simulation]   Tick 6/8
[Simulation]     node_0 (Geoengineering Conspiracy Believer (Debnath chemtrails cluster)): 4 message(s)
[Simulation]     node_1 (HAARP / weather-warfare believer (Debnath chemtrails neighbour terms)): 4 message(s)
[Simulation]     node_2 (Depopulation / Gates-target believer (Debnath 2018–2021 broadening)): 4 message(s)
[Simulation]     node_3 (Climate-action piggyback conspiracist (Debnath hijack stream)): 4 message(s)
[Simulation]     node_4 (Climate Action Advocate (Debnath non-conspiracy stream)): 4 message(s)
[Simulation]     node_5 (Climate justice youth organiser (Debnath climate-action variant)): 4 message(s)
[Simulation]     node_6 (Mitigation-first policy analyst (Debnath climate-action / SRM-governance)): 4 message(s)
[Simulation]     node_7 (Environmental Concern Specialist (Debnath ozone/biodiversity stream)): 4 message(s)
[Simulation]   Tick 7/8
[Simulation]     node_0 (Geoengineering Conspiracy Believer (Debnath chemtrails cluster)): 4 message(s)
[Simulation]     node_1 (HAARP / weather-warfare believer (Debnath chemtrails neighbour terms)): 4 message(s)
[Simulation]     node_2 (Depopulation / Gates-target believer (Debnath 2018–2021 broadening)): 4 message(s)
[Simulation]     node_3 (Climate-action piggyback conspiracist (Debnath hijack stream)): 4 message(s)
[Simulation]     node_4 (Climate Action Advocate (Debnath non-conspiracy stream)): 4 message(s)
[Simulation]     node_5 (Climate justice youth organiser (Debnath climate-action variant)): 4 message(s)
[Simulation]     node_6 (Mitigation-first policy analyst (Debnath climate-action / SRM-governance)): 4 message(s)
[Simulation]     node_7 (Environmental Concern Specialist (Debnath ozone/biodiversity stream)): 4 message(s)
[Simulation]   Tick 8/8
[Simulation]     node_0 (Geoengineering Conspiracy Believer (Debnath chemtrails cluster)): 4 message(s)
[Simulation]     node_1 (HAARP / weather-warfare believer (Debnath chemtrails neighbour terms)): 4 message(s)
[Simulation]     node_2 (Depopulation / Gates-target believer (Debnath 2018–2021 broadening)): 4 message(s)
[Simulation]     node_3 (Climate-action piggyback conspiracist (Debnath hijack stream)): 4 message(s)
[Simulation]     node_4 (Climate Action Advocate (Debnath non-conspiracy stream)): 4 message(s)
[Simulation]     node_5 (Climate justice youth organiser (Debnath climate-action variant)): 4 message(s)
[Simulation]     node_6 (Mitigation-first policy analyst (Debnath climate-action / SRM-governance)): 4 message(s)
[Simulation]     node_7 (Environmental Concern Specialist (Debnath ozone/biodiversity stream)): 4 message(s)

[Simulation] === Propagating: paris_agreement ===
[Simulation]   Tick 1/8
[Simulation]     node_0 (Geoengineering Conspiracy Believer (Debnath chemtrails cluster)): 1 message(s)
[Simulation]   Tick 2/8
[Simulation]     node_1 (HAARP / weather-warfare believer (Debnath chemtrails neighbour terms)): 1 message(s)
[Simulation]     node_2 (Depopulation / Gates-target believer (Debnath 2018–2021 broadening)): 1 message(s)
[Simulation]     node_6 (Mitigation-first policy analyst (Debnath climate-action / SRM-governance)): 1 message(s)
[Simulation]     node_7 (Environmental Concern Specialist (Debnath ozone/biodiversity stream)): 1 message(s)
[Simulation]   Tick 3/8
[Simulation]     node_0 (Geoengineering Conspiracy Believer (Debnath chemtrails cluster)): 4 message(s)
[Simulation]     node_1 (HAARP / weather-warfare believer (Debnath chemtrails neighbour terms)): 1 message(s)
[Simulation]     node_2 (Depopulation / Gates-target believer (Debnath 2018–2021 broadening)): 1 message(s)
[Simulation]     node_3 (Climate-action piggyback conspiracist (Debnath hijack stream)): 2 message(s)
[Simulation]     node_4 (Climate Action Advocate (Debnath non-conspiracy stream)): 2 message(s)
[Simulation]     node_5 (Climate justice youth organiser (Debnath climate-action variant)): 2 message(s)
[Simulation]     node_6 (Mitigation-first policy analyst (Debnath climate-action / SRM-governance)): 1 message(s)
[Simulation]     node_7 (Environmental Concern Specialist (Debnath ozone/biodiversity stream)): 2 message(s)
[Simulation]   Tick 4/8
[Simulation]     node_0 (Geoengineering Conspiracy Believer (Debnath chemtrails cluster)): 4 message(s)
[Simulation]     node_1 (HAARP / weather-warfare believer (Debnath chemtrails neighbour terms)): 4 message(s)
[Simulation]     node_2 (Depopulation / Gates-target believer (Debnath 2018–2021 broadening)): 4 message(s)
[Simulation]     node_3 (Climate-action piggyback conspiracist (Debnath hijack stream)): 3 message(s)
[Simulation]     node_4 (Climate Action Advocate (Debnath non-conspiracy stream)): 4 message(s)
[Simulation]     node_5 (Climate justice youth organiser (Debnath climate-action variant)): 4 message(s)
[Simulation]     node_6 (Mitigation-first policy analyst (Debnath climate-action / SRM-governance)): 4 message(s)
[Simulation]     node_7 (Environmental Concern Specialist (Debnath ozone/biodiversity stream)): 4 message(s)
[Simulation]   Tick 5/8
[Simulation]     node_0 (Geoengineering Conspiracy Believer (Debnath chemtrails cluster)): 4 message(s)
[Simulation]     node_1 (HAARP / weather-warfare believer (Debnath chemtrails neighbour terms)): 4 message(s)
[Simulation]     node_2 (Depopulation / Gates-target believer (Debnath 2018–2021 broadening)): 4 message(s)
[Simulation]     node_3 (Climate-action piggyback conspiracist (Debnath hijack stream)): 4 message(s)
[Simulation]     node_4 (Climate Action Advocate (Debnath non-conspiracy stream)): 4 message(s)
[Simulation]     node_5 (Climate justice youth organiser (Debnath climate-action variant)): 4 message(s)
[Simulation]     node_6 (Mitigation-first policy analyst (Debnath climate-action / SRM-governance)): 4 message(s)
[Simulation]     node_7 (Environmental Concern Specialist (Debnath ozone/biodiversity stream)): 4 message(s)
[Simulation]   Tick 6/8
[Simulation]     node_0 (Geoengineering Conspiracy Believer (Debnath chemtrails cluster)): 4 message(s)
[Simulation]     node_1 (HAARP / weather-warfare believer (Debnath chemtrails neighbour terms)): 4 message(s)
[Simulation]     node_2 (Depopulation / Gates-target believer (Debnath 2018–2021 broadening)): 4 message(s)
[Simulation]     node_3 (Climate-action piggyback conspiracist (Debnath hijack stream)): 4 message(s)
[Simulation]     node_4 (Climate Action Advocate (Debnath non-conspiracy stream)): 4 message(s)
[Simulation]     node_5 (Climate justice youth organiser (Debnath climate-action variant)): 4 message(s)
[Simulation]     node_6 (Mitigation-first policy analyst (Debnath climate-action / SRM-governance)): 4 message(s)
[Simulation]     node_7 (Environmental Concern Specialist (Debnath ozone/biodiversity stream)): 4 message(s)
[Simulation]   Tick 7/8
[Simulation]     node_0 (Geoengineering Conspiracy Believer (Debnath chemtrails cluster)): 4 message(s)
[Simulation]     node_1 (HAARP / weather-warfare believer (Debnath chemtrails neighbour terms)): 4 message(s)
[Simulation]     node_2 (Depopulation / Gates-target believer (Debnath 2018–2021 broadening)): 4 message(s)
[Simulation]     node_3 (Climate-action piggyback conspiracist (Debnath hijack stream)): 4 message(s)
[Simulation]     node_4 (Climate Action Advocate (Debnath non-conspiracy stream)): 4 message(s)
[Simulation]     node_5 (Climate justice youth organiser (Debnath climate-action variant)): 4 message(s)
[Simulation]     node_6 (Mitigation-first policy analyst (Debnath climate-action / SRM-governance)): 4 message(s)
[Simulation]     node_7 (Environmental Concern Specialist (Debnath ozone/biodiversity stream)): 4 message(s)
[Simulation]   Tick 8/8
[Simulation]     node_0 (Geoengineering Conspiracy Believer (Debnath chemtrails cluster)): 4 message(s)
[Simulation]     node_1 (HAARP / weather-warfare believer (Debnath chemtrails neighbour terms)): 4 message(s)
[Simulation]     node_2 (Depopulation / Gates-target believer (Debnath 2018–2021 broadening)): 4 message(s)
[Simulation]     node_3 (Climate-action piggyback conspiracist (Debnath hijack stream)): 4 message(s)
[Simulation]     node_4 (Climate Action Advocate (Debnath non-conspiracy stream)): 4 message(s)
[Simulation]     node_5 (Climate justice youth organiser (Debnath climate-action variant)): 4 message(s)
[Simulation]     node_6 (Mitigation-first policy analyst (Debnath climate-action / SRM-governance)): 4 message(s)
[Simulation]     node_7 (Environmental Concern Specialist (Debnath ozone/biodiversity stream)): 4 message(s)

[Simulation] === Propagating: climate_consensus ===
[Simulation]   Tick 1/8
[Simulation]     node_0 (Geoengineering Conspiracy Believer (Debnath chemtrails cluster)): 1 message(s)
[Simulation]   No propagation at tick 1, stopping.

[Simulation] === Propagating: polar_bears ===
[Simulation]   Tick 1/8
[Simulation]     node_0 (Geoengineering Conspiracy Believer (Debnath chemtrails cluster)): 1 message(s)
[Simulation]   Tick 2/8
[Simulation]     node_1 (HAARP / weather-warfare believer (Debnath chemtrails neighbour terms)): 1 message(s)
[Simulation]     node_2 (Depopulation / Gates-target believer (Debnath 2018–2021 broadening)): 1 message(s)
[Simulation]     node_6 (Mitigation-first policy analyst (Debnath climate-action / SRM-governance)): 1 message(s)
[Simulation]     node_7 (Environmental Concern Specialist (Debnath ozone/biodiversity stream)): 1 message(s)
[Simulation]   Tick 3/8
[Simulation]     node_0 (Geoengineering Conspiracy Believer (Debnath chemtrails cluster)): 3 message(s)
[Simulation]     node_1 (HAARP / weather-warfare believer (Debnath chemtrails neighbour terms)): 1 message(s)
[Simulation]     node_2 (Depopulation / Gates-target believer (Debnath 2018–2021 broadening)): 1 message(s)
[Simulation]     node_3 (Climate-action piggyback conspiracist (Debnath hijack stream)): 2 message(s)
[Simulation]     node_4 (Climate Action Advocate (Debnath non-conspiracy stream)): 2 message(s)
[Simulation]     node_5 (Climate justice youth organiser (Debnath climate-action variant)): 1 message(s)
[Simulation]     node_7 (Environmental Concern Specialist (Debnath ozone/biodiversity stream)): 2 message(s)
[Simulation]   Tick 4/8
[Simulation]     node_0 (Geoengineering Conspiracy Believer (Debnath chemtrails cluster)): 3 message(s)
[Simulation]     node_1 (HAARP / weather-warfare believer (Debnath chemtrails neighbour terms)): 4 message(s)
[Simulation]     node_2 (Depopulation / Gates-target believer (Debnath 2018–2021 broadening)): 4 message(s)
[Simulation]     node_3 (Climate-action piggyback conspiracist (Debnath hijack stream)): 4 message(s)
[Simulation]     node_4 (Climate Action Advocate (Debnath non-conspiracy stream)): 4 message(s)
[Simulation]     node_5 (Climate justice youth organiser (Debnath climate-action variant)): 4 message(s)
[Simulation]     node_6 (Mitigation-first policy analyst (Debnath climate-action / SRM-governance)): 4 message(s)
[Simulation]     node_7 (Environmental Concern Specialist (Debnath ozone/biodiversity stream)): 4 message(s)
[Simulation]   Tick 5/8
[Simulation]     node_0 (Geoengineering Conspiracy Believer (Debnath chemtrails cluster)): 4 message(s)
[Simulation]     node_1 (HAARP / weather-warfare believer (Debnath chemtrails neighbour terms)): 4 message(s)
[Simulation]     node_2 (Depopulation / Gates-target believer (Debnath 2018–2021 broadening)): 4 message(s)
[Simulation]     node_3 (Climate-action piggyback conspiracist (Debnath hijack stream)): 4 message(s)
[Simulation]     node_4 (Climate Action Advocate (Debnath non-conspiracy stream)): 4 message(s)
[Simulation]     node_5 (Climate justice youth organiser (Debnath climate-action variant)): 4 message(s)
[Simulation]     node_6 (Mitigation-first policy analyst (Debnath climate-action / SRM-governance)): 4 message(s)
[Simulation]     node_7 (Environmental Concern Specialist (Debnath ozone/biodiversity stream)): 4 message(s)
[Simulation]   Tick 6/8
[Simulation]     node_0 (Geoengineering Conspiracy Believer (Debnath chemtrails cluster)): 4 message(s)
[Simulation]     node_1 (HAARP / weather-warfare believer (Debnath chemtrails neighbour terms)): 4 message(s)
[Simulation]     node_2 (Depopulation / Gates-target believer (Debnath 2018–2021 broadening)): 4 message(s)
[Simulation]     node_3 (Climate-action piggyback conspiracist (Debnath hijack stream)): 4 message(s)
[Simulation]     node_4 (Climate Action Advocate (Debnath non-conspiracy stream)): 4 message(s)
[Simulation]     node_5 (Climate justice youth organiser (Debnath climate-action variant)): 4 message(s)
[Simulation]     node_6 (Mitigation-first policy analyst (Debnath climate-action / SRM-governance)): 4 message(s)
[Simulation]     node_7 (Environmental Concern Specialist (Debnath ozone/biodiversity stream)): 4 message(s)
[Simulation]   Tick 7/8
[Simulation]     node_0 (Geoengineering Conspiracy Believer (Debnath chemtrails cluster)): 4 message(s)
[Simulation]     node_1 (HAARP / weather-warfare believer (Debnath chemtrails neighbour terms)): 4 message(s)
[Simulation]     node_2 (Depopulation / Gates-target believer (Debnath 2018–2021 broadening)): 4 message(s)
[Simulation]     node_3 (Climate-action piggyback conspiracist (Debnath hijack stream)): 4 message(s)
[Simulation]     node_4 (Climate Action Advocate (Debnath non-conspiracy stream)): 4 message(s)
[Simulation]     node_5 (Climate justice youth organiser (Debnath climate-action variant)): 4 message(s)
[Simulation]     node_6 (Mitigation-first policy analyst (Debnath climate-action / SRM-governance)): 4 message(s)
[Simulation]     node_7 (Environmental Concern Specialist (Debnath ozone/biodiversity stream)): 4 message(s)
[Simulation]   Tick 8/8
[Simulation]     node_0 (Geoengineering Conspiracy Believer (Debnath chemtrails cluster)): 4 message(s)
[Simulation]     node_1 (HAARP / weather-warfare believer (Debnath chemtrails neighbour terms)): 4 message(s)
[Simulation]     node_2 (Depopulation / Gates-target believer (Debnath 2018–2021 broadening)): 4 message(s)
[Simulation]     node_3 (Climate-action piggyback conspiracist (Debnath hijack stream)): 4 message(s)
[Simulation]     node_4 (Climate Action Advocate (Debnath non-conspiracy stream)): 4 message(s)
[Simulation]     node_5 (Climate justice youth organiser (Debnath climate-action variant)): 4 message(s)
[Simulation]     node_6 (Mitigation-first policy analyst (Debnath climate-action / SRM-governance)): 4 message(s)
[Simulation]     node_7 (Environmental Concern Specialist (Debnath ozone/biodiversity stream)): 4 message(s)

[Simulation] === Auditing: scopex_2017 ===
[Simulation]   Scoring node_0
[Simulation]   Scoring node_1
[Simulation]   Scoring node_2
[Simulation]   Scoring node_3
[Simulation]   Scoring node_4
[Simulation]   Scoring node_5
[Simulation]   Scoring node_6
[Simulation]   Scoring node_7

[Simulation] === Auditing: chemtrails_gates_2018_2021 ===
[Simulation]   Scoring node_0
[Simulation]   Scoring node_1
[Simulation]   Scoring node_2
[Simulation]   Scoring node_3
[Simulation]   Scoring node_4
[Simulation]   Scoring node_5
[Simulation]   Scoring node_6
[Simulation]   Scoring node_7

[Simulation] === Auditing: sai_geoengineering ===
[Simulation]   Scoring node_0
[Simulation]   Scoring node_1
[Simulation]   Scoring node_2
[Simulation]   Scoring node_3
[Simulation]   Scoring node_4
[Simulation]   Scoring node_5
[Simulation]   Scoring node_6
[Simulation]   Scoring node_7

[Simulation] === Auditing: paris_agreement ===
[Simulation]   Scoring node_0
[Simulation]   Scoring node_1
[Simulation]   Scoring node_2
[Simulation]   Scoring node_3
[Simulation]   Scoring node_4
