
=== 2026-09-19T02:58:23.650Z  node index.js --config thesisExperiment/configs/phase2/T2d_H_ring_biodiversity_food_security.json
Loaded run config from: thesisExperiment/configs/phase2/T2d_H_ring_biodiversity_food_security.json

[Simulation] Experiment: T2d_H_ring_biodiversity_food_security_2026-09-19_02-58-23
[Simulation] Dir: /workspace/thesisExperiment/runs_phase2/T2d_H_ring_biodiversity_food_security_2026-09-19_02-58-23


[Simulation] === Propagating: scopex_2017 ===
[Simulation]   Tick 1/8
[Simulation]     node_0 (Biodiversity and food-security concern (Debnath ecology/food terms)): 1 message(s)
[Simulation]   Tick 2/8
[Simulation]     node_1 (Biodiversity and food-security concern (Debnath ecology/food terms)): 1 message(s)
[Simulation]   No propagation at tick 2, stopping.

[Simulation] === Propagating: chemtrails_gates_2018_2021 ===
[Simulation]   Tick 1/8
[Simulation]     node_0 (Biodiversity and food-security concern (Debnath ecology/food terms)): 1 message(s)
[Simulation]   Tick 2/8
[Simulation]     node_1 (Biodiversity and food-security concern (Debnath ecology/food terms)): 1 message(s)
[Simulation]   Tick 3/8
[Simulation]     node_2 (Biodiversity and food-security concern (Debnath ecology/food terms)): 1 message(s)
[Simulation]   Tick 4/8
[Simulation]     node_3 (Biodiversity and food-security concern (Debnath ecology/food terms)): 1 message(s)
[Simulation]   Tick 5/8
[Simulation]     node_4 (Biodiversity and food-security concern (Debnath ecology/food terms)): 1 message(s)
[Simulation]   No propagation at tick 5, stopping.

[Simulation] === Propagating: sai_geoengineering ===
[Simulation]   Tick 1/8
[Simulation]     node_0 (Biodiversity and food-security concern (Debnath ecology/food terms)): 1 message(s)
[Simulation]   Tick 2/8
[Simulation]     node_1 (Biodiversity and food-security concern (Debnath ecology/food terms)): 1 message(s)
[Simulation]   Tick 3/8
[Simulation]     node_2 (Biodiversity and food-security concern (Debnath ecology/food terms)): 1 message(s)
[Simulation]   Tick 4/8
[Simulation]     node_3 (Biodiversity and food-security concern (Debnath ecology/food terms)): 1 message(s)
[Simulation]   Tick 5/8
[Simulation]     node_4 (Biodiversity and food-security concern (Debnath ecology/food terms)): 1 message(s)
[Simulation]   Tick 6/8
[Simulation]     node_5 (Biodiversity and food-security concern (Debnath ecology/food terms)): 1 message(s)
[Simulation]   Tick 7/8
[Simulation]     node_6 (Biodiversity and food-security concern (Debnath ecology/food terms)): 1 message(s)
[Simulation]   Tick 8/8
[Simulation]     node_7 (Biodiversity and food-security concern (Debnath ecology/food terms)): 1 message(s)

[Simulation] === Propagating: paris_agreement ===
[Simulation]   Tick 1/8
[Simulation]     node_0 (Biodiversity and food-security concern (Debnath ecology/food terms)): 1 message(s)
[Simulation]   Tick 2/8
[Simulation]     node_1 (Biodiversity and food-security concern (Debnath ecology/food terms)): 1 message(s)
[Simulation]   Tick 3/8
[Simulation]     node_2 (Biodiversity and food-security concern (Debnath ecology/food terms)): 1 message(s)
[Simulation]   Tick 4/8
[Simulation]     node_3 (Biodiversity and food-security concern (Debnath ecology/food terms)): 1 message(s)
[Simulation]   Tick 5/8
[Simulation]     node_4 (Biodiversity and food-security concern (Debnath ecology/food terms)): 1 message(s)
